Component: ARM Compiler 5.06 update 7 (build 960) Tool: armlink [4d3601]

==============================================================================

Section Cross References

    system_stm32f10x.o(i.SetSysClock) refers to system_stm32f10x.o(i.SetSysClockTo72) for SetSysClockTo72
    system_stm32f10x.o(i.SystemCoreClockUpdate) refers to system_stm32f10x.o(.data) for SystemCoreClock
    system_stm32f10x.o(i.SystemInit) refers to system_stm32f10x.o(i.SetSysClock) for SetSysClock
    startup_stm32f10x_md.o(RESET) refers to startup_stm32f10x_md.o(STACK) for __initial_sp
    startup_stm32f10x_md.o(RESET) refers to startup_stm32f10x_md.o(.text) for Reset_Handler
    startup_stm32f10x_md.o(RESET) refers to stm32f10x_it.o(i.NMI_Handler) for NMI_Handler
    startup_stm32f10x_md.o(RESET) refers to stm32f10x_it.o(i.HardFault_Handler) for HardFault_Handler
    startup_stm32f10x_md.o(RESET) refers to stm32f10x_it.o(i.MemManage_Handler) for MemManage_Handler
    startup_stm32f10x_md.o(RESET) refers to stm32f10x_it.o(i.BusFault_Handler) for BusFault_Handler
    startup_stm32f10x_md.o(RESET) refers to stm32f10x_it.o(i.UsageFault_Handler) for UsageFault_Handler
    startup_stm32f10x_md.o(RESET) refers to stm32f10x_it.o(i.SVC_Handler) for SVC_Handler
    startup_stm32f10x_md.o(RESET) refers to stm32f10x_it.o(i.DebugMon_Handler) for DebugMon_Handler
    startup_stm32f10x_md.o(RESET) refers to stm32f10x_it.o(i.PendSV_Handler) for PendSV_Handler
    startup_stm32f10x_md.o(RESET) refers to stm32f10x_it.o(i.SysTick_Handler) for SysTick_Handler
    startup_stm32f10x_md.o(RESET) refers to timer.o(i.TIM2_IRQHandler) for TIM2_IRQHandler
    startup_stm32f10x_md.o(RESET) refers to usart.o(i.USART1_IRQHandler) for USART1_IRQHandler
    startup_stm32f10x_md.o(RESET) refers to esp8266.o(i.USART2_IRQHandler) for USART2_IRQHandler
    startup_stm32f10x_md.o(.text) refers to system_stm32f10x.o(i.SystemInit) for SystemInit
    startup_stm32f10x_md.o(.text) refers to entry.o(.ARM.Collect$$$$00000000) for __main
    stm32f10x_gpio.o(i.GPIO_AFIODeInit) refers to stm32f10x_rcc.o(i.RCC_APB2PeriphResetCmd) for RCC_APB2PeriphResetCmd
    stm32f10x_gpio.o(i.GPIO_DeInit) refers to stm32f10x_rcc.o(i.RCC_APB2PeriphResetCmd) for RCC_APB2PeriphResetCmd
    stm32f10x_rcc.o(i.RCC_GetClocksFreq) refers to stm32f10x_rcc.o(.data) for APBAHBPrescTable
    stm32f10x_rcc.o(i.RCC_WaitForHSEStartUp) refers to stm32f10x_rcc.o(i.RCC_GetFlagStatus) for RCC_GetFlagStatus
    stm32f10x_tim.o(i.TIM_DeInit) refers to stm32f10x_rcc.o(i.RCC_APB2PeriphResetCmd) for RCC_APB2PeriphResetCmd
    stm32f10x_tim.o(i.TIM_DeInit) refers to stm32f10x_rcc.o(i.RCC_APB1PeriphResetCmd) for RCC_APB1PeriphResetCmd
    stm32f10x_tim.o(i.TIM_ETRClockMode1Config) refers to stm32f10x_tim.o(i.TIM_ETRConfig) for TIM_ETRConfig
    stm32f10x_tim.o(i.TIM_ETRClockMode2Config) refers to stm32f10x_tim.o(i.TIM_ETRConfig) for TIM_ETRConfig
    stm32f10x_tim.o(i.TIM_ICInit) refers to stm32f10x_tim.o(i.TI1_Config) for TI1_Config
    stm32f10x_tim.o(i.TIM_ICInit) refers to stm32f10x_tim.o(i.TIM_SetIC1Prescaler) for TIM_SetIC1Prescaler
    stm32f10x_tim.o(i.TIM_ICInit) refers to stm32f10x_tim.o(i.TI2_Config) for TI2_Config
    stm32f10x_tim.o(i.TIM_ICInit) refers to stm32f10x_tim.o(i.TIM_SetIC2Prescaler) for TIM_SetIC2Prescaler
    stm32f10x_tim.o(i.TIM_ICInit) refers to stm32f10x_tim.o(i.TI3_Config) for TI3_Config
    stm32f10x_tim.o(i.TIM_ICInit) refers to stm32f10x_tim.o(i.TIM_SetIC3Prescaler) for TIM_SetIC3Prescaler
    stm32f10x_tim.o(i.TIM_ICInit) refers to stm32f10x_tim.o(i.TI4_Config) for TI4_Config
    stm32f10x_tim.o(i.TIM_ICInit) refers to stm32f10x_tim.o(i.TIM_SetIC4Prescaler) for TIM_SetIC4Prescaler
    stm32f10x_tim.o(i.TIM_ITRxExternalClockConfig) refers to stm32f10x_tim.o(i.TIM_SelectInputTrigger) for TIM_SelectInputTrigger
    stm32f10x_tim.o(i.TIM_PWMIConfig) refers to stm32f10x_tim.o(i.TI1_Config) for TI1_Config
    stm32f10x_tim.o(i.TIM_PWMIConfig) refers to stm32f10x_tim.o(i.TIM_SetIC1Prescaler) for TIM_SetIC1Prescaler
    stm32f10x_tim.o(i.TIM_PWMIConfig) refers to stm32f10x_tim.o(i.TI2_Config) for TI2_Config
    stm32f10x_tim.o(i.TIM_PWMIConfig) refers to stm32f10x_tim.o(i.TIM_SetIC2Prescaler) for TIM_SetIC2Prescaler
    stm32f10x_tim.o(i.TIM_TIxExternalClockConfig) refers to stm32f10x_tim.o(i.TI2_Config) for TI2_Config
    stm32f10x_tim.o(i.TIM_TIxExternalClockConfig) refers to stm32f10x_tim.o(i.TI1_Config) for TI1_Config
    stm32f10x_tim.o(i.TIM_TIxExternalClockConfig) refers to stm32f10x_tim.o(i.TIM_SelectInputTrigger) for TIM_SelectInputTrigger
    stm32f10x_usart.o(i.USART_DeInit) refers to stm32f10x_rcc.o(i.RCC_APB2PeriphResetCmd) for RCC_APB2PeriphResetCmd
    stm32f10x_usart.o(i.USART_DeInit) refers to stm32f10x_rcc.o(i.RCC_APB1PeriphResetCmd) for RCC_APB1PeriphResetCmd
    stm32f10x_usart.o(i.USART_Init) refers to stm32f10x_rcc.o(i.RCC_GetClocksFreq) for RCC_GetClocksFreq
    delay.o(i.delay_init) refers to misc.o(i.SysTick_CLKSourceConfig) for SysTick_CLKSourceConfig
[...]
    Removing stm32f10x_tim.o(i.TIM_ForcedOC1Config), (18 bytes).
    Removing stm32f10x_tim.o(i.TIM_ForcedOC2Config), (26 bytes).
    Removing stm32f10x_tim.o(i.TIM_ForcedOC3Config), (18 bytes).
    Removing stm32f10x_tim.o(i.TIM_ForcedOC4Config), (26 bytes).
    Removing stm32f10x_tim.o(i.TIM_GenerateEvent), (4 bytes).
    Removing stm32f10x_tim.o(i.TIM_GetCapture1), (6 bytes).
    Removing stm32f10x_tim.o(i.TIM_GetCapture2), (6 bytes).
    Removing stm32f10x_tim.o(i.TIM_GetCapture3), (6 bytes).
    Removing stm32f10x_tim.o(i.TIM_GetCapture4), (8 bytes).
    Removing stm32f10x_tim.o(i.TIM_GetCounter), (6 bytes).
    Removing stm32f10x_tim.o(i.TIM_GetFlagStatus), (18 bytes).
    Removing stm32f10x_tim.o(i.TIM_GetPrescaler), (6 bytes).
    Removing stm32f10x_tim.o(i.TIM_ICInit), (172 bytes).
    Removing stm32f10x_tim.o(i.TIM_ICStructInit), (18 bytes).
    Removing stm32f10x_tim.o(i.TIM_ITRxExternalClockConfig), (24 bytes).
    Removing stm32f10x_tim.o(i.TIM_OC1FastConfig), (18 bytes).
    Removing stm32f10x_tim.o(i.TIM_OC1Init), (152 bytes).
    Removing stm32f10x_tim.o(i.TIM_OC1NPolarityConfig), (18 bytes).
    Removing stm32f10x_tim.o(i.TIM_OC1PolarityConfig), (18 bytes).
    Removing stm32f10x_tim.o(i.TIM_OC1PreloadConfig), (18 bytes).
    Removing stm32f10x_tim.o(i.TIM_OC2FastConfig), (26 bytes).
    Removing stm32f10x_tim.o(i.TIM_OC2Init), (164 bytes).
    Removing stm32f10x_tim.o(i.TIM_OC2NPolarityConfig), (26 bytes).
    Removing stm32f10x_tim.o(i.TIM_OC2PolarityConfig), (26 bytes).
    Removing stm32f10x_tim.o(i.TIM_OC2PreloadConfig), (26 bytes).
    Removing stm32f10x_tim.o(i.TIM_OC3FastConfig), (18 bytes).
    Removing stm32f10x_tim.o(i.TIM_OC3Init), (160 bytes).
    Removing stm32f10x_tim.o(i.TIM_OC3NPolarityConfig), (26 bytes).
    Removing stm32f10x_tim.o(i.TIM_OC3PolarityConfig), (26 bytes).
    Removing stm32f10x_tim.o(i.TIM_OC3PreloadConfig), (18 bytes).
    Removing stm32f10x_tim.o(i.TIM_OC4FastConfig), (26 bytes).
    Removing stm32f10x_tim.o(i.TIM_OC4Init), (124 bytes).
    Removing stm32f10x_tim.o(i.TIM_OC4PolarityConfig), (26 bytes).
    Removing stm32f10x_tim.o(i.TIM_OC4PreloadConfig), (26 bytes).
    Removing stm32f10x_tim.o(i.TIM_OCStructInit), (20 bytes).
    Removing stm32f10x_tim.o(i.TIM_PWMIConfig), (124 bytes).
    Removing stm32f10x_tim.o(i.TIM_PrescalerConfig), (6 bytes).
    Removing stm32f10x_tim.o(i.TIM_SelectCCDMA), (24 bytes).
    Removing stm32f10x_tim.o(i.TIM_SelectCOM), (24 bytes).
    Removing stm32f10x_tim.o(i.TIM_SelectHallSensor), (24 bytes).
    Removing stm32f10x_tim.o(i.TIM_SelectInputTrigger), (18 bytes).
    Removing stm32f10x_tim.o(i.TIM_SelectMasterSlaveMode), (18 bytes).
    Removing stm32f10x_tim.o(i.TIM_SelectOCxM), (82 bytes).
    Removing stm32f10x_tim.o(i.TIM_SelectOnePulseMode), (18 bytes).
    Removing stm32f10x_tim.o(i.TIM_SelectOutputTrigger), (18 bytes).
    Removing stm32f10x_tim.o(i.TIM_SelectSlaveMode), (18 bytes).
    Removing stm32f10x_tim.o(i.TIM_SetAutoreload), (4 bytes).
    Removing stm32f10x_tim.o(i.TIM_SetClockDivision), (18 bytes).
    Removing stm32f10x_tim.o(i.TIM_SetCompare1), (4 bytes).
    Removing stm32f10x_tim.o(i.TIM_SetCompare2), (4 bytes).
    Removing stm32f10x_tim.o(i.TIM_SetCompare3), (4 bytes).
    Removing stm32f10x_tim.o(i.TIM_SetCompare4), (6 bytes).
    Removing stm32f10x_tim.o(i.TIM_SetCounter), (4 bytes).
    Removing stm32f10x_tim.o(i.TIM_SetIC1Prescaler), (18 bytes).
    Removing stm32f10x_tim.o(i.TIM_SetIC2Prescaler), (26 bytes).
    Removing stm32f10x_tim.o(i.TIM_SetIC3Prescaler), (18 bytes).
    Removing stm32f10x_tim.o(i.TIM_SetIC4Prescaler), (26 bytes).
    Removing stm32f10x_tim.o(i.TIM_TIxExternalClockConfig), (62 bytes).
    Removing stm32f10x_tim.o(i.TIM_TimeBaseStructInit), (18 bytes).
    Removing stm32f10x_tim.o(i.TIM_UpdateDisableConfig), (24 bytes).
    Removing stm32f10x_tim.o(i.TIM_UpdateRequestConfig), (24 bytes).
    Removing stm32f10x_usart.o(i.USART_ClearITPendingBit), (30 bytes).
    Removing stm32f10x_usart.o(i.USART_ClockInit), (34 bytes).
    Removing stm32f10x_usart.o(i.USART_ClockStructInit), (12 bytes).
    Removing stm32f10x_usart.o(i.USART_DMACmd), (18 bytes).
    Removing stm32f10x_usart.o(i.USART_DeInit), (156 bytes).
    Removing stm32f10x_usart.o(i.USART_HalfDuplexCmd), (24 bytes).
    Removing stm32f10x_usart.o(i.USART_IrDACmd), (24 bytes).
    Removing stm32f10x_usart.o(i.USART_IrDAConfig), (18 bytes).
    Removing stm32f10x_usart.o(i.USART_LINBreakDetectLengthConfig), (18 bytes).
    Removing stm32f10x_usart.o(i.USART_LINCmd), (24 bytes).
    Removing stm32f10x_usart.o(i.USART_OneBitMethodCmd), (24 bytes).
    Removing stm32f10x_usart.o(i.USART_OverSampling8Cmd), (22 bytes).
    Removing stm32f10x_usart.o(i.USART_ReceiveData), (10 bytes).
    Removing stm32f10x_usart.o(i.USART_ReceiverWakeUpCmd), (24 bytes).
    Removing stm32f10x_usart.o(i.USART_SendBreak), (10 bytes).
    Removing stm32f10x_usart.o(i.USART_SetAddress), (18 bytes).
    Removing stm32f10x_usart.o(i.USART_SetGuardTime), (16 bytes).
    Removing stm32f10x_usart.o(i.USART_SetPrescaler), (16 bytes).
    Removing stm32f10x_usart.o(i.USART_SmartCardCmd), (24 bytes).
    Removing stm32f10x_usart.o(i.USART_SmartCardNACKCmd), (24 bytes).
    Removing stm32f10x_usart.o(i.USART_StructInit), (24 bytes).
    Removing stm32f10x_usart.o(i.USART_WakeUpConfig), (18 bytes).
    Removing sys.o(.emb_text), (6 bytes).
    Removing sys.o(i.INTX_DISABLE), (4 bytes).
    Removing sys.o(i.INTX_ENABLE), (4 bytes).
    Removing sys.o(i.WFI_SET), (4 bytes).
    Removing bh1750.o(i.BH1750_Power_OFF), (10 bytes).
    Removing bh1750.o(i.BH1750_RESET), (10 bytes).
    Removing bh1750.o(i.i2c_CheckDevice), (28 bytes).
    Removing key.o(i.Key_GetNum), (56 bytes).
    Removing key.o(i.Key_Init), (44 bytes).
    Removing led.o(i.LED_OFF), (20 bytes).
    Removing oled.o(i.OLED_ShowBinNum), (62 bytes).
    Removing oled.o(i.OLED_ShowCHinese), (100 bytes).
    Removing oled.o(i.OLED_ShowHexNum), (84 bytes).
    Removing oled.o(i.OLED_ShowSignedNum), (102 bytes).
    Removing oled.o(.data), (512 bytes).
    Removing mqttkit.o(i.MQTT_PacketCmdResp), (140 bytes).
    Removing mqttkit.o(i.MQTT_PacketDisConnect), (48 bytes).
    Removing mqttkit.o(i.MQTT_PacketPing), (48 bytes).
    Removing mqttkit.o(i.MQTT_PacketPublishAck), (72 bytes).
    Removing mqttkit.o(i.MQTT_PacketPublishComp), (72 bytes).
    Removing mqttkit.o(i.MQTT_PacketPublishRec), (72 bytes).
    Removing mqttkit.o(i.MQTT_PacketPublishRel), (72 bytes).
    Removing mqttkit.o(i.MQTT_PacketSaveBinData), (212 bytes).
    Removing mqttkit.o(i.MQTT_PacketSaveData), (92 bytes).
    Removing mqttkit.o(i.MQTT_PacketUnSubscribe), (238 bytes).
    Removing mqttkit.o(i.MQTT_UnPacketCmd), (140 bytes).
    Removing mqttkit.o(i.MQTT_UnPacketPublish), (448 bytes).
    Removing mqttkit.o(i.MQTT_UnPacketPublishAck), (30 bytes).
    Removing mqttkit.o(i.MQTT_UnPacketPublishComp), (30 bytes).
    Removing mqttkit.o(i.MQTT_UnPacketPublishRec), (30 bytes).
    Removing mqttkit.o(i.MQTT_UnPacketPublishRel), (36 bytes).
    Removing mqttkit.o(i.MQTT_UnPacketSubscribe), (52 bytes).
    Removing mqttkit.o(i.MQTT_UnPacketUnSubscribe), (18 bytes).

183 unused section(s) (total 8450 bytes) removed from the image.

==============================================================================

Image Symbol Table

    Local Symbols

    Symbol Name                              Value     Ov Type        Size  Object(Section)

    ../clib/microlib/division.c              0x00000000   Number         0  uidiv.o ABSOLUTE
    ../clib/microlib/division.c              0x00000000   Number         0  uldiv.o ABSOLUTE
    ../clib/microlib/init/entry.s            0x00000000   Number         0  entry.o ABSOLUTE
    ../clib/microlib/init/entry.s            0x00000000   Number         0  entry11b.o ABSOLUTE
    ../clib/microlib/init/entry.s            0x00000000   Number         0  entry11a.o ABSOLUTE
    ../clib/microlib/init/entry.s            0x00000000   Number         0  entry2.o ABSOLUTE
    ../clib/microlib/init/entry.s            0x00000000   Number         0  entry10b.o ABSOLUTE
    ../clib/microlib/init/entry.s            0x00000000   Number         0  entry5.o ABSOLUTE
    ../clib/microlib/init/entry.s            0x00000000   Number         0  entry10a.o ABSOLUTE
    ../clib/microlib/init/entry.s            0x00000000   Number         0  entry7a.o ABSOLUTE
    ../clib/microlib/init/entry.s            0x00000000   Number         0  entry7b.o ABSOLUTE
    ../clib/microlib/init/entry.s            0x00000000   Number         0  entry8a.o ABSOLUTE
    ../clib/microlib/init/entry.s            0x00000000   Number         0  entry12a.o ABSOLUTE
    ../clib/microlib/init/entry.s            0x00000000   Number         0  entry8b.o ABSOLUTE
    ../clib/microlib/init/entry.s            0x00000000   Number         0  entry9a.o ABSOLUTE
    ../clib/microlib/init/entry.s            0x00000000   Number         0  entry9b.o ABSOLUTE
    ../clib/microlib/init/entry.s            0x00000000   Number         0  entry12b.o ABSOLUTE
    ../clib/microlib/longlong.c              0x00000000   Number         0  llsshr.o ABSOLUTE
    ../clib/microlib/longlong.c              0x00000000   Number         0  llushr.o ABSOLUTE
    ../clib/microlib/longlong.c              0x00000000   Number         0  llshl.o ABSOLUTE
    ../clib/microlib/malloc/malloc.c         0x00000000   Number         0  mallocr.o ABSOLUTE
    ../clib/microlib/malloc/malloc.c         0x00000000   Number         0  malloca.o ABSOLUTE
    ../clib/microlib/malloc/malloc.c         0x00000000   Number         0  mallocra.o ABSOLUTE
    ../clib/microlib/malloc/malloc.c         0x00000000   Number         0  malloc.o ABSOLUTE
    ../clib/microlib/malloc/mvars.c          0x00000000   Number         0  mvars.o ABSOLUTE
    ../clib/microlib/printf/printf.c         0x00000000   Number         0  printfb.o ABSOLUTE
    ../clib/microlib/printf/printf.c         0x00000000   Number         0  printf0.o ABSOLUTE
    ../clib/microlib/printf/printf.c         0x00000000   Number         0  printf7.o ABSOLUTE
    ../clib/microlib/printf/printf.c         0x00000000   Number         0  printf1.o ABSOLUTE
    ../clib/microlib/printf/printf.c         0x00000000   Number         0  printf2.o ABSOLUTE
    ../clib/microlib/printf/printf.c         0x00000000   Number         0  printf3.o ABSOLUTE
    ../clib/microlib/printf/printf.c         0x00000000   Number         0  printf4.o ABSOLUTE
    ../clib/microlib/printf/printf.c         0x00000000   Number         0  printf6.o ABSOLUTE
    ../clib/microlib/printf/printf.c         0x00000000   Number         0  printf8.o ABSOLUTE
    ../clib/microlib/printf/printf.c         0x00000000   Number         0  printfa.o ABSOLUTE
    ../clib/microlib/printf/printf.c         0x00000000   Number         0  printf5.o ABSOLUTE
    ../clib/microlib/printf/stubs.s          0x00000000   Number         0  stubs.o ABSOLUTE
    ../clib/microlib/stdio/fputc.c           0x00000000   Number         0  fputc.o ABSOLUTE
    ../clib/microlib/stdio/semi.s            0x00000000   Number         0  semi.o ABSOLUTE
    ../clib/microlib/stdio/streams.c         0x00000000   Number         0  stdout.o ABSOLUTE
    ../clib/microlib/string/memcpy.c         0x00000000   Number         0  memcpya.o ABSOLUTE
    ../clib/microlib/string/memcpy.c         0x00000000   Number         0  memcpyb.o ABSOLUTE
    ../clib/microlib/string/memset.c         0x00000000   Number         0  memseta.o ABSOLUTE
    ../clib/microlib/string/strchr.c         0x00000000   Number         0  strchr.o ABSOLUTE
    ../clib/microlib/string/strlen.c         0x00000000   Number         0  strlen.o ABSOLUTE
    ../clib/microlib/string/strncat.c        0x00000000   Number         0  strncat.o ABSOLUTE
    ../clib/microlib/string/strstr.c         0x00000000   Number         0  strstr.o ABSOLUTE
    ../clib/microlib/stubs.s                 0x00000000   Number         0  iusesemip.o ABSOLUTE
    ../clib/microlib/stubs.s                 0x00000000   Number         0  iusefp.o ABSOLUTE
    ../fplib/microlib/f2d.c                  0x00000000   Number         0  f2d.o ABSOLUTE
    ../fplib/microlib/fpadd.c                0x00000000   Number         0  dadd.o ABSOLUTE
    ../fplib/microlib/fpdiv.c                0x00000000   Number         0  ddiv.o ABSOLUTE
    ../fplib/microlib/fpdiv.c                0x00000000   Number         0  fdiv.o ABSOLUTE
    ../fplib/microlib/fpepilogue.c           0x00000000   Number         0  fepilogue.o ABSOLUTE
    ../fplib/microlib/fpepilogue.c           0x00000000   Number         0  depilogue.o ABSOLUTE
    ../fplib/microlib/fpfix.c                0x00000000   Number         0  dfixul.o ABSOLUTE
    ../fplib/microlib/fpfix.c                0x00000000   Number         0  ffixui.o ABSOLUTE
    ../fplib/microlib/fpflt.c                0x00000000   Number         0  ffltui.o ABSOLUTE
    ../fplib/microlib/fpmul.c                0x00000000   Number         0  dmul.o ABSOLUTE
    ../fplib/microlib/fpmul.c                0x00000000   Number         0  fmul.o ABSOLUTE
    ..\Hardware\BH1750\bh1750.c              0x00000000   Number         0  bh1750.o ABSOLUTE
    ..\Hardware\Beep\Beep.c                  0x00000000   Number         0  beep.o ABSOLUTE
    ..\Hardware\DHT11\dht11.c                0x00000000   Number         0  dht11.o ABSOLUTE
    ..\Hardware\Key\Key.c                    0x00000000   Number         0  key.o ABSOLUTE
    ..\Hardware\LED\LED.c                    0x00000000   Number         0  led.o ABSOLUTE
    ..\Hardware\OLED\OLED.c                  0x00000000   Number         0  oled.o ABSOLUTE
    ..\Hardware\SGP30\sgp30.c                0x00000000   Number         0  sgp30.o ABSOLUTE
    ..\Library\misc.c                        0x00000000   Number         0  misc.o ABSOLUTE
    ..\Library\stm32f10x_gpio.c              0x00000000   Number         0  stm32f10x_gpio.o ABSOLUTE
    ..\Library\stm32f10x_rcc.c               0x00000000   Number         0  stm32f10x_rcc.o ABSOLUTE
    ..\Library\stm32f10x_tim.c               0x00000000   Number         0  stm32f10x_tim.o ABSOLUTE
    ..\Library\stm32f10x_usart.c             0x00000000   Number         0  stm32f10x_usart.o ABSOLUTE
    ..\NET\MQTT\MqttKit.c                    0x00000000   Number         0  mqttkit.o ABSOLUTE
    ..\NET\device\esp8266.c                  0x00000000   Number         0  esp8266.o ABSOLUTE
    ..\NET\onenet\onenet.c                   0x00000000   Number         0  onenet.o ABSOLUTE
    ..\NET\usart\usart.c                     0x00000000   Number         0  usart.o ABSOLUTE
    ..\Start\core_cm3.c                      0x00000000   Number         0  core_cm3.o ABSOLUTE
    ..\Start\startup_stm32f10x_md.s          0x00000000   Number         0  startup_stm32f10x_md.o ABSOLUTE
    ..\Start\system_stm32f10x.c              0x00000000   Number         0  system_stm32f10x.o ABSOLUTE
    ..\System\Timer\timer.c                  0x00000000   Number         0  timer.o ABSOLUTE
    ..\System\delay\delay.c                  0x00000000   Number         0  delay.o ABSOLUTE
    ..\System\sys\sys.c                      0x00000000   Number         0  sys.o ABSOLUTE
    ..\User\main.c                           0x00000000   Number         0  main.o ABSOLUTE
    ..\User\stm32f10x_it.c                   0x00000000   Number         0  stm32f10x_it.o ABSOLUTE
    ..\\Start\\core_cm3.c                    0x00000000   Number         0  core_cm3.o ABSOLUTE
    ..\\System\\sys\\sys.c                   0x00000000   Number         0  sys.o ABSOLUTE
    cdrcmple.s                               0x00000000   Number         0  cdrcmple.o ABSOLUTE
    cfrcmple.s                               0x00000000   Number         0  cfrcmple.o ABSOLUTE
    dc.s                                     0x00000000   Number         0  dc.o ABSOLUTE
    handlers.s                               0x00000000   Number         0  handlers.o ABSOLUTE
    init.s                                   0x00000000   Number         0  init.o ABSOLUTE
    RESET                                    0x08000000   Section      236  startup_stm32f10x_md.o(RESET)
    .ARM.Collect$$$$00000000                 0x080000ec   Section        0  entry.o(.ARM.Collect$$$$00000000)
    .ARM.Collect$$$$00000001                 0x080000ec   Section        4  entry2.o(.ARM.Collect$$$$00000001)
    .ARM.Collect$$$$00000004                 0x080000f0   Section        4  entry5.o(.ARM.Collect$$$$00000004)
    .ARM.Collect$$$$00000008                 0x080000f4   Section        0  entry7b.o(.ARM.Collect$$$$00000008)
    .ARM.Collect$$$$0000000A                 0x080000f4   Section        0  entry8b.o(.ARM.Collect$$$$0000000A)
    .ARM.Collect$$$$0000000B                 0x080000f4   Section        8  entry9a.o(.ARM.Collect$$$$0000000B)
    .ARM.Collect$$$$0000000E                 0x080000fc   Section        4  entry12b.o(.ARM.Collect$$$$0000000E)
    .ARM.Collect$$$$0000000F                 0x08000100   Section        0  entry10a.o(.ARM.Collect$$$$0000000F)
    .ARM.Collect$$$$00000011                 0x08000100   Section        0  entry11a.o(.ARM.Collect$$$$00000011)
    .ARM.Collect$$$$00002712                 0x08000100   Section        4  entry2.o(.ARM.Collect$$$$00002712)
    __lit__00000000                          0x08000100   Data           4  entry2.o(.ARM.Collect$$$$00002712)
    .text                                    0x08000104   Section       36  startup_stm32f10x_md.o(.text)
    .text                                    0x08000128   Section        0  memcpya.o(.text)
    .text                                    0x0800014c   Section        0  memseta.o(.text)
    .text                                    0x08000170   Section        0  strstr.o(.text)
    .text                                    0x08000194   Section        0  strchr.o(.text)
    .text                                    0x080001a8   Section        0  strlen.o(.text)
    .text                                    0x080001b6   Section        0  strncat.o(.text)
    .text                                    0x080001de   Section        0  fmul.o(.text)
    .text                                    0x08000242   Section        0  fdiv.o(.text)
    .text                                    0x080002be   Section        0  ffltui.o(.text)
    .text                                    0x080002c8   Section        0  ffixui.o(.text)
    .text                                    0x080002f0   Section        0  f2d.o(.text)
    .text                                    0x08000318   Section       20  cfrcmple.o(.text)
    .text                                    0x0800032c   Section        0  uidiv.o(.text)
    .text                                    0x08000358   Section        0  uldiv.o(.text)
    .text                                    0x080003ba   Section        0  iusefp.o(.text)
    .text                                    0x080003ba   Section        0  fepilogue.o(.text)
    .text                                    0x08000428   Section        0  dadd.o(.text)
    .text                                    0x08000576   Section        0  dmul.o(.text)
    .text                                    0x0800065a   Section        0  ddiv.o(.text)
    .text                                    0x08000738   Section        0  dfixul.o(.text)
    .text                                    0x08000768   Section       48  cdrcmple.o(.text)
    .text                                    0x08000798   Section       36  init.o(.text)
    .text                                    0x080007bc   Section        0  llshl.o(.text)
    .text                                    0x080007da   Section        0  llushr.o(.text)
    .text                                    0x080007fa   Section        0  llsshr.o(.text)
    .text                                    0x0800081e   Section        0  depilogue.o(.text)
    i.BH1750_Byte_Write                      0x080008d8   Section        0  bh1750.o(i.BH1750_Byte_Write)
    i.BH1750_Init                            0x0800090a   Section        0  bh1750.o(i.BH1750_Init)
    i.BH1750_Power_ON                        0x0800091c   Section        0  bh1750.o(i.BH1750_Power_ON)
    i.BH1750_Read_Measure                    0x08000926   Section        0  bh1750.o(i.BH1750_Read_Measure)
    i.Beep_Init                              0x08000960   Section        0  beep.o(i.Beep_Init)
    i.Beep_OFF                               0x08000994   Section        0  beep.o(i.Beep_OFF)
    i.Beep_ON                                0x080009a8   Section        0  beep.o(i.Beep_ON)
    i.BusFault_Handler                       0x080009bc   Section        0  stm32f10x_it.o(i.BusFault_Handler)
    i.DH11_GPIO_Init_IN                      0x080009c0   Section        0  dht11.o(i.DH11_GPIO_Init_IN)
    i.DH11_GPIO_Init_OUT                     0x080009ec   Section        0  dht11.o(i.DH11_GPIO_Init_OUT)
    i.DHT11_REC_Data                         0x08000a14   Section        0  dht11.o(i.DHT11_REC_Data)
    i.DHT11_Rec_Byte                         0x08000ab8   Section        0  dht11.o(i.DHT11_Rec_Byte)
    i.DHT11_Start                            0x08000b08   Section        0  dht11.o(i.DHT11_Start)
    i.DebugMon_Handler                       0x08000b44   Section        0  stm32f10x_it.o(i.DebugMon_Handler)
    i.ESP8266_Clear                          0x08000b48   Section        0  esp8266.o(i.ESP8266_Clear)
    i.ESP8266_GetIPD                         0x08000b64   Section        0  esp8266.o(i.ESP8266_GetIPD)
    i.ESP8266_Init                           0x08000bb4   Section        0  esp8266.o(i.ESP8266_Init)
    i.ESP8266_SendCmd                        0x08000d84   Section        0  esp8266.o(i.ESP8266_SendCmd)
    i.ESP8266_SendData                       0x08000dd8   Section        0  esp8266.o(i.ESP8266_SendData)
    i.ESP8266_WaitRecive                     0x08000e20   Section        0  esp8266.o(i.ESP8266_WaitRecive)
    i.GPIO_Init                              0x08000e54   Section        0  stm32f10x_gpio.o(i.GPIO_Init)
    i.GPIO_PinRemapConfig                    0x08000f6c   Section        0  stm32f10x_gpio.o(i.GPIO_PinRemapConfig)
    i.GPIO_ReadInputDataBit                  0x08000ffc   Section        0  stm32f10x_gpio.o(i.GPIO_ReadInputDataBit)
    i.GPIO_ReadOutputDataBit                 0x0800100e   Section        0  stm32f10x_gpio.o(i.GPIO_ReadOutputDataBit)
    i.GPIO_ResetBits                         0x08001020   Section        0  stm32f10x_gpio.o(i.GPIO_ResetBits)
    i.GPIO_SetBits                           0x08001024   Section        0  stm32f10x_gpio.o(i.GPIO_SetBits)
    i.GPIO_WriteBit                          0x08001028   Section        0  stm32f10x_gpio.o(i.GPIO_WriteBit)
    i.HardFault_Handler                      0x08001032   Section        0  stm32f10x_it.o(i.HardFault_Handler)
    i.Hardware_Init                          0x08001038   Section        0  main.o(i.Hardware_Init)
    i.I2C_BH1750_GPIOConfig                  0x080010d0   Section        0  bh1750.o(i.I2C_BH1750_GPIOConfig)
    I2C_BH1750_GPIOConfig                    0x080010d1   Thumb Code    42  bh1750.o(i.I2C_BH1750_GPIOConfig)
    i.LED_Init                               0x08001100   Section        0  led.o(i.LED_Init)
    i.LED_ON                                 0x08001134   Section        0  led.o(i.LED_ON)
    i.LED_Turn                               0x08001148   Section        0  led.o(i.LED_Turn)
    i.LIght_Intensity                        0x08001174   Section        0  bh1750.o(i.LIght_Intensity)
    i.MQTT_DeleteBuffer                      0x08001198   Section        0  mqttkit.o(i.MQTT_DeleteBuffer)
    i.MQTT_DumpLength                        0x080011b4   Section        0  mqttkit.o(i.MQTT_DumpLength)
    i.MQTT_NewBuffer                         0x080011e2   Section        0  mqttkit.o(i.MQTT_NewBuffer)
    i.MQTT_PacketConnect                     0x0800123c   Section        0  mqttkit.o(i.MQTT_PacketConnect)
    i.MQTT_PacketPublish                     0x080014dc   Section        0  mqttkit.o(i.MQTT_PacketPublish)
    i.MQTT_PacketSubscribe                   0x08001694   Section        0  mqttkit.o(i.MQTT_PacketSubscribe)
    i.MQTT_ReadLength                        0x08001792   Section        0  mqttkit.o(i.MQTT_ReadLength)
    i.MQTT_UnPacketConnectAck                0x080017d8   Section        0  mqttkit.o(i.MQTT_UnPacketConnectAck)
    i.MQTT_UnPacketRecv                      0x080017f8   Section        0  mqttkit.o(i.MQTT_UnPacketRecv)
    i.MemManage_Handler                      0x0800186c   Section        0  stm32f10x_it.o(i.MemManage_Handler)
    i.NMI_Handler                            0x08001870   Section        0  stm32f10x_it.o(i.NMI_Handler)
    i.NVIC_Init                              0x08001874   Section        0  misc.o(i.NVIC_Init)
    i.NVIC_PriorityGroupConfig               0x080018e4   Section        0  misc.o(i.NVIC_PriorityGroupConfig)
    i.OLED_Clear                             0x080018f8   Section        0  oled.o(i.OLED_Clear)
    i.OLED_I2C_Init                          0x08001924   Section        0  oled.o(i.OLED_I2C_Init)
    i.OLED_I2C_SendByte                      0x08001974   Section        0  oled.o(i.OLED_I2C_SendByte)
    i.OLED_I2C_Start                         0x080019c8   Section        0  oled.o(i.OLED_I2C_Start)
    i.OLED_I2C_Stop                          0x080019fc   Section        0  oled.o(i.OLED_I2C_Stop)
    i.OLED_Init                              0x08001a24   Section        0  oled.o(i.OLED_Init)
    i.OLED_Pow                               0x08001ad2   Section        0  oled.o(i.OLED_Pow)
    i.OLED_SetCursor                         0x08001ae6   Section        0  oled.o(i.OLED_SetCursor)
    i.OLED_ShowChar                          0x08001b08   Section        0  oled.o(i.OLED_ShowChar)
    i.OLED_ShowNum                           0x08001b7c   Section        0  oled.o(i.OLED_ShowNum)
    i.OLED_ShowString                        0x08001bc0   Section        0  oled.o(i.OLED_ShowString)
    i.OLED_WriteCommand                      0x08001be8   Section        0  oled.o(i.OLED_WriteCommand)
    i.OLED_WriteData                         0x08001c08   Section        0  oled.o(i.OLED_WriteData)
    i.OneNet_DevLink                         0x08001c28   Section        0  onenet.o(i.OneNet_DevLink)
    i.OneNet_Publish                         0x08001e4c   Section        0  onenet.o(i.OneNet_Publish)
    i.OneNet_Subscribe                       0x08001ec8   Section        0  onenet.o(i.OneNet_Subscribe)
    i.PendSV_Handler                         0x08001f34   Section        0  stm32f10x_it.o(i.PendSV_Handler)
    i.RCC_APB1PeriphClockCmd                 0x08001f38   Section        0  stm32f10x_rcc.o(i.RCC_APB1PeriphClockCmd)
    i.RCC_APB2PeriphClockCmd                 0x08001f58   Section        0  stm32f10x_rcc.o(i.RCC_APB2PeriphClockCmd)
    i.RCC_GetClocksFreq                      0x08001f78   Section        0  stm32f10x_rcc.o(i.RCC_GetClocksFreq)
    i.SDA_IN                                 0x0800204c   Section        0  sgp30.o(i.SDA_IN)
    i.SDA_OUT                                0x08002070   Section        0  sgp30.o(i.SDA_OUT)
    i.SGP30_GPIO_Init                        0x08002094   Section        0  sgp30.o(i.SGP30_GPIO_Init)
    i.SGP30_IIC_Ack                          0x080020d0   Section        0  sgp30.o(i.SGP30_IIC_Ack)
    i.SGP30_IIC_NAck                         0x08002108   Section        0  sgp30.o(i.SGP30_IIC_NAck)
    i.SGP30_IIC_Read_Byte                    0x08002140   Section        0  sgp30.o(i.SGP30_IIC_Read_Byte)
    i.SGP30_IIC_Send_Byte                    0x080021a4   Section        0  sgp30.o(i.SGP30_IIC_Send_Byte)
    i.SGP30_IIC_Start                        0x08002208   Section        0  sgp30.o(i.SGP30_IIC_Start)
    i.SGP30_IIC_Stop                         0x08002240   Section        0  sgp30.o(i.SGP30_IIC_Stop)
    i.SGP30_IIC_Wait_Ack                     0x08002274   Section        0  sgp30.o(i.SGP30_IIC_Wait_Ack)
    i.SGP30_Init                             0x080022cc   Section        0  sgp30.o(i.SGP30_Init)
    i.SGP30_Read                             0x080022dc   Section        0  sgp30.o(i.SGP30_Read)
    i.SGP30_Write                            0x08002324   Section        0  sgp30.o(i.SGP30_Write)
    i.SVC_Handler                            0x08002358   Section        0  stm32f10x_it.o(i.SVC_Handler)
    i.SetSysClock                            0x0800235a   Section        0  system_stm32f10x.o(i.SetSysClock)
    SetSysClock                              0x0800235b   Thumb Code     8  system_stm32f10x.o(i.SetSysClock)
    i.SetSysClockTo72                        0x08002364   Section        0  system_stm32f10x.o(i.SetSysClockTo72)
    SetSysClockTo72                          0x08002365   Thumb Code   214  system_stm32f10x.o(i.SetSysClockTo72)
    i.SysTick_CLKSourceConfig                0x08002444   Section        0  misc.o(i.SysTick_CLKSourceConfig)
    i.SysTick_Handler                        0x0800246c   Section        0  stm32f10x_it.o(i.SysTick_Handler)
    i.SystemInit                             0x08002470   Section        0  system_stm32f10x.o(i.SystemInit)
    i.TIM2_IRQHandler                        0x080024d0   Section        0  timer.o(i.TIM2_IRQHandler)
    i.TIM_ClearFlag                          0x08002524   Section        0  stm32f10x_tim.o(i.TIM_ClearFlag)
    i.TIM_ClearITPendingBit                  0x0800252a   Section        0  stm32f10x_tim.o(i.TIM_ClearITPendingBit)
    i.TIM_Cmd                                0x08002530   Section        0  stm32f10x_tim.o(i.TIM_Cmd)
    i.TIM_GetITStatus                        0x08002548   Section        0  stm32f10x_tim.o(i.TIM_GetITStatus)
    i.TIM_ITConfig                           0x0800256a   Section        0  stm32f10x_tim.o(i.TIM_ITConfig)
    i.TIM_InternalClockConfig                0x0800257c   Section        0  stm32f10x_tim.o(i.TIM_InternalClockConfig)
    i.TIM_TimeBaseInit                       0x08002588   Section        0  stm32f10x_tim.o(i.TIM_TimeBaseInit)
    i.Timer_Init                             0x0800262c   Section        0  timer.o(i.Timer_Init)
    i.USART1_IRQHandler                      0x080026a8   Section        0  usart.o(i.USART1_IRQHandler)
    i.USART2_IRQHandler                      0x080026c4   Section        0  esp8266.o(i.USART2_IRQHandler)
    i.USART_ClearFlag                        0x08002710   Section        0  stm32f10x_usart.o(i.USART_ClearFlag)
    i.USART_Cmd                              0x08002722   Section        0  stm32f10x_usart.o(i.USART_Cmd)
    i.USART_GetFlagStatus                    0x0800273a   Section        0  stm32f10x_usart.o(i.USART_GetFlagStatus)
    i.USART_GetITStatus                      0x08002754   Section        0  stm32f10x_usart.o(i.USART_GetITStatus)
    i.USART_ITConfig                         0x080027a8   Section        0  stm32f10x_usart.o(i.USART_ITConfig)
    i.USART_Init                             0x080027f4   Section        0  stm32f10x_usart.o(i.USART_Init)
    i.USART_SendData                         0x080028cc   Section        0  stm32f10x_usart.o(i.USART_SendData)
    i.UsageFault_Handler                     0x080028d4   Section        0  stm32f10x_it.o(i.UsageFault_Handler)
    i.Usart1_Init                            0x080028d8   Section        0  usart.o(i.Usart1_Init)
    i.Usart2_Init                            0x08002988   Section        0  usart.o(i.Usart2_Init)
    i.UsartPrintf                            0x08002a34   Section        0  usart.o(i.UsartPrintf)
    i.Usart_SendString                       0x08002a7c   Section        0  usart.o(i.Usart_SendString)
    i.__0sprintf                             0x08002ab0   Section        0  printfa.o(i.__0sprintf)
    i.__0vsnprintf                           0x08002ad8   Section        0  printfa.o(i.__0vsnprintf)
    i.__scatterload_copy                     0x08002b0c   Section       14  handlers.o(i.__scatterload_copy)
    i.__scatterload_null                     0x08002b1a   Section        2  handlers.o(i.__scatterload_null)
    i.__scatterload_zeroinit                 0x08002b1c   Section       14  handlers.o(i.__scatterload_zeroinit)
    i._fp_digits                             0x08002b2c   Section        0  printfa.o(i._fp_digits)
    _fp_digits                               0x08002b2d   Thumb Code   366  printfa.o(i._fp_digits)
    i._printf_core                           0x08002cb0   Section        0  printfa.o(i._printf_core)
    _printf_core                             0x08002cb1   Thumb Code  1704  printfa.o(i._printf_core)
    i._printf_post_padding                   0x08003364   Section        0  printfa.o(i._printf_post_padding)
    _printf_post_padding                     0x08003365   Thumb Code    36  printfa.o(i._printf_post_padding)
    i._printf_pre_padding                    0x08003388   Section        0  printfa.o(i._printf_pre_padding)
    _printf_pre_padding                      0x08003389   Thumb Code    46  printfa.o(i._printf_pre_padding)
    i._snputc                                0x080033b6   Section        0  printfa.o(i._snputc)
    _snputc                                  0x080033b7   Thumb Code    22  printfa.o(i._snputc)
    i._sputc                                 0x080033cc   Section        0  printfa.o(i._sputc)
    _sputc                                   0x080033cd   Thumb Code    10  printfa.o(i._sputc)
    i.delay_init                             0x080033d8   Section        0  delay.o(i.delay_init)
    i.delay_ms                               0x0800341c   Section        0  delay.o(i.delay_ms)
    i.delay_us                               0x08003468   Section        0  delay.o(i.delay_us)
    i.free                                   0x080034b4   Section        0  malloc.o(i.free)
    i.i2c_Ack                                0x08003504   Section        0  bh1750.o(i.i2c_Ack)
    i.i2c_Delay                              0x08003534   Section        0  bh1750.o(i.i2c_Delay)
    i2c_Delay                                0x08003535   Thumb Code    14  bh1750.o(i.i2c_Delay)
    i.i2c_NAck                               0x08003544   Section        0  bh1750.o(i.i2c_NAck)
    i.i2c_ReadByte                           0x0800356c   Section        0  bh1750.o(i.i2c_ReadByte)
    i.i2c_SendByte                           0x080035b0   Section        0  bh1750.o(i.i2c_SendByte)
    i.i2c_Start                              0x08003604   Section        0  bh1750.o(i.i2c_Start)
    i.i2c_Stop                               0x08003634   Section        0  bh1750.o(i.i2c_Stop)
    i.i2c_WaitAck                            0x08003654   Section        0  bh1750.o(i.i2c_WaitAck)
    i.main                                   0x08003690   Section        0  main.o(i.main)
    i.malloc                                 0x08003980   Section        0  malloc.o(i.malloc)
    .constdata                               0x080039ec   Section     1520  oled.o(.constdata)
    .conststring                             0x08003fdc   Section       25  main.o(.conststring)
    .data                                    0x20000000   Section       20  system_stm32f10x.o(.data)
    .data                                    0x20000014   Section       20  stm32f10x_rcc.o(.data)
    APBAHBPrescTable                         0x20000014   Data          16  stm32f10x_rcc.o(.data)
    ADCPrescTable                            0x20000024   Data           4  stm32f10x_rcc.o(.data)
    .data                                    0x20000028   Section        4  delay.o(.data)
    fac_us                                   0x20000028   Data           1  delay.o(.data)
    fac_ms                                   0x2000002a   Data           2  delay.o(.data)
    .data                                    0x2000002c   Section        6  timer.o(.data)
    .data                                    0x20000032   Section        4  dht11.o(.data)
    .data                                    0x20000036   Section        4  esp8266.o(.data)
    .data                                    0x2000003c   Section       22  main.o(.data)
    .data                                    0x20000054   Section        4  mvars.o(.data)
    .data                                    0x20000058   Section        4  mvars.o(.data)
    .bss                                     0x2000005c   Section      128  esp8266.o(.bss)
    .bss                                     0x200000dc   Section      128  main.o(.bss)
    HEAP                                     0x20000160   Section      512  startup_stm32f10x_md.o(HEAP)
    STACK                                    0x20000360   Section     1024  startup_stm32f10x_md.o(STACK)

    Global Symbols

    Symbol Name                              Value     Ov Type        Size  Object(Section)

    BuildAttributes$$THM_ISAv4$P$D$K$B$S$PE$A:L22UL41UL21$X:L11$S22US41US21$IEEE1$IW$USESV6$~STKCKD$USESV7$~SHL$OTIME$ROPI$EBA8$MICROLIB$REQ8$PRES8$EABIv2 0x00000000   Number         0  anon$$obj.o ABSOLUTE
    __ARM_use_no_argv                        0x00000000   Number         0  main.o ABSOLUTE
    _printf_a                                0x00000000   Number         0  stubs.o ABSOLUTE
    _printf_c                                0x00000000   Number         0  stubs.o ABSOLUTE
    _printf_charcount                        0x00000000   Number         0  stubs.o ABSOLUTE
    _printf_d                                0x00000000   Number         0  stubs.o ABSOLUTE
    _printf_e                                0x00000000   Number         0  stubs.o ABSOLUTE
    _printf_f                                0x00000000   Number         0  stubs.o ABSOLUTE
    _printf_flags                            0x00000000   Number         0  stubs.o ABSOLUTE
    _printf_fp_dec                           0x00000000   Number         0  stubs.o ABSOLUTE
    _printf_fp_hex                           0x00000000   Number         0  stubs.o ABSOLUTE
    _printf_g                                0x00000000   Number         0  stubs.o ABSOLUTE
    _printf_i                                0x00000000   Number         0  stubs.o ABSOLUTE
    _printf_int_dec                          0x00000000   Number         0  stubs.o ABSOLUTE
    _printf_l                                0x00000000   Number         0  stubs.o ABSOLUTE
    _printf_lc                               0x00000000   Number         0  stubs.o ABSOLUTE
    _printf_ll                               0x00000000   Number         0  stubs.o ABSOLUTE
    _printf_lld                              0x00000000   Number         0  stubs.o ABSOLUTE
    _printf_lli                              0x00000000   Number         0  stubs.o ABSOLUTE
    _printf_llo                              0x00000000   Number         0  stubs.o ABSOLUTE
    _printf_llu                              0x00000000   Number         0  stubs.o ABSOLUTE
    _printf_llx                              0x00000000   Number         0  stubs.o ABSOLUTE
    _printf_longlong_dec                     0x00000000   Number         0  stubs.o ABSOLUTE
    _printf_longlong_hex                     0x00000000   Number         0  stubs.o ABSOLUTE
    _printf_longlong_oct                     0x00000000   Number         0  stubs.o ABSOLUTE
    _printf_ls                               0x00000000   Number         0  stubs.o ABSOLUTE
    _printf_mbtowc                           0x00000000   Number         0  stubs.o ABSOLUTE
    _printf_n                                0x00000000   Number         0  stubs.o ABSOLUTE
    _printf_o                                0x00000000   Number         0  stubs.o ABSOLUTE
    _printf_p                                0x00000000   Number         0  stubs.o ABSOLUTE
    _printf_percent                          0x00000000   Number         0  stubs.o ABSOLUTE
    _printf_pre_padding                      0x00000000   Number         0  stubs.o ABSOLUTE
    _printf_return_value                     0x00000000   Number         0  stubs.o ABSOLUTE
    _printf_s                                0x00000000   Number         0  stubs.o ABSOLUTE
    _printf_sizespec                         0x00000000   Number         0  stubs.o ABSOLUTE
    _printf_str                              0x00000000   Number         0  stubs.o ABSOLUTE
    _printf_truncate_signed                  0x00000000   Number         0  stubs.o ABSOLUTE
    _printf_truncate_unsigned                0x00000000   Number         0  stubs.o ABSOLUTE
    _printf_u                                0x00000000   Number         0  stubs.o ABSOLUTE
    _printf_wc                               0x00000000   Number         0  stubs.o ABSOLUTE
    _printf_wctomb                           0x00000000   Number         0  stubs.o ABSOLUTE
    _printf_widthprec                        0x00000000   Number         0  stubs.o ABSOLUTE
    _printf_x                                0x00000000   Number         0  stubs.o ABSOLUTE
    __arm_fini_                               - Undefined Weak Reference
    __cpp_initialize__aeabi_                  - Undefined Weak Reference
    __cxa_finalize                            - Undefined Weak Reference
    __decompress                              - Undefined Weak Reference
    _clock_init                               - Undefined Weak Reference
    _microlib_exit                            - Undefined Weak Reference
    __Vectors_Size                           0x000000ec   Number         0  startup_stm32f10x_md.o ABSOLUTE
    __Vectors                                0x08000000   Data           4  startup_stm32f10x_md.o(RESET)
    __Vectors_End                            0x080000ec   Data           0  startup_stm32f10x_md.o(RESET)
    __main                                   0x080000ed   Thumb Code     0  entry.o(.ARM.Collect$$$$00000000)
    _main_stk                                0x080000ed   Thumb Code     0  entry2.o(.ARM.Collect$$$$00000001)
    _main_scatterload                        0x080000f1   Thumb Code     0  entry5.o(.ARM.Collect$$$$00000004)
    __main_after_scatterload                 0x080000f5   Thumb Code     0  entry5.o(.ARM.Collect$$$$00000004)
    _main_clock                              0x080000f5   Thumb Code     0  entry7b.o(.ARM.Collect$$$$00000008)
    _main_cpp_init                           0x080000f5   Thumb Code     0  entry8b.o(.ARM.Collect$$$$0000000A)
    _main_init                               0x080000f5   Thumb Code     0  entry9a.o(.ARM.Collect$$$$0000000B)
    __rt_lib_shutdown_fini                   0x080000fd   Thumb Code     0  entry12b.o(.ARM.Collect$$$$0000000E)
    __rt_final_cpp                           0x08000101   Thumb Code     0  entry10a.o(.ARM.Collect$$$$0000000F)
    __rt_final_exit                          0x08000101   Thumb Code     0  entry11a.o(.ARM.Collect$$$$00000011)
    Reset_Handler                            0x08000105   Thumb Code     8  startup_stm32f10x_md.o(.text)
    ADC1_2_IRQHandler                        0x0800011f   Thumb Code     0  startup_stm32f10x_md.o(.text)
    CAN1_RX1_IRQHandler                      0x0800011f   Thumb Code     0  startup_stm32f10x_md.o(.text)
    CAN1_SCE_IRQHandler                      0x0800011f   Thumb Code     0  startup_stm32f10x_md.o(.text)
    DMA1_Channel1_IRQHandler                 0x0800011f   Thumb Code     0  startup_stm32f10x_md.o(.text)
    DMA1_Channel2_IRQHandler                 0x0800011f   Thumb Code     0  startup_stm32f10x_md.o(.text)
    DMA1_Channel3_IRQHandler                 0x0800011f   Thumb Code     0  startup_stm32f10x_md.o(.text)
    DMA1_Channel4_IRQHandler                 0x0800011f   Thumb Code     0  startup_stm32f10x_md.o(.text)
    DMA1_Channel5_IRQHandler                 0x0800011f   Thumb Code     0  startup_stm32f10x_md.o(.text)
    DMA1_Channel6_IRQHandler                 0x0800011f   Thumb Code     0  startup_stm32f10x_md.o(.text)
    DMA1_Channel7_IRQHandler                 0x0800011f   Thumb Code     0  startup_stm32f10x_md.o(.text)
    EXTI0_IRQHandler                         0x0800011f   Thumb Code     0  startup_stm32f10x_md.o(.text)
    EXTI15_10_IRQHandler                     0x0800011f   Thumb Code     0  startup_stm32f10x_md.o(.text)
    EXTI1_IRQHandler                         0x0800011f   Thumb Code     0  startup_stm32f10x_md.o(.text)
    EXTI2_IRQHandler                         0x0800011f   Thumb Code     0  startup_stm32f10x_md.o(.text)
    EXTI3_IRQHandler                         0x0800011f   Thumb Code     0  startup_stm32f10x_md.o(.text)
    EXTI4_IRQHandler                         0x0800011f   Thumb Code     0  startup_stm32f10x_md.o(.text)
    EXTI9_5_IRQHandler                       0x0800011f   Thumb Code     0  startup_stm32f10x_md.o(.text)
    FLASH_IRQHandler                         0x0800011f   Thumb Code     0  startup_stm32f10x_md.o(.text)
    I2C1_ER_IRQHandler                       0x0800011f   Thumb Code     0  startup_stm32f10x_md.o(.text)
    I2C1_EV_IRQHandler                       0x0800011f   Thumb Code     0  startup_stm32f10x_md.o(.text)
    I2C2_ER_IRQHandler                       0x0800011f   Thumb Code     0  startup_stm32f10x_md.o(.text)
    I2C2_EV_IRQHandler                       0x0800011f   Thumb Code     0  startup_stm32f10x_md.o(.text)
    PVD_IRQHandler                           0x0800011f   Thumb Code     0  startup_stm32f10x_md.o(.text)
    RCC_IRQHandler                           0x0800011f   Thumb Code     0  startup_stm32f10x_md.o(.text)
    RTCAlarm_IRQHandler                      0x0800011f   Thumb Code     0  startup_stm32f10x_md.o(.text)
    RTC_IRQHandler                           0x0800011f   Thumb Code     0  startup_stm32f10x_md.o(.text)
    SPI1_IRQHandler                          0x0800011f   Thumb Code     0  startup_stm32f10x_md.o(.text)
    SPI2_IRQHandler                          0x0800011f   Thumb Code     0  startup_stm32f10x_md.o(.text)
    TAMPER_IRQHandler                        0x0800011f   Thumb Code     0  startup_stm32f10x_md.o(.text)
    TIM1_BRK_IRQHandler                      0x0800011f   Thumb Code     0  startup_stm32f10x_md.o(.text)
    TIM1_CC_IRQHandler                       0x0800011f   Thumb Code     0  startup_stm32f10x_md.o(.text)
    TIM1_TRG_COM_IRQHandler                  0x0800011f   Thumb Code     0  startup_stm32f10x_md.o(.text)
    TIM1_UP_IRQHandler                       0x0800011f   Thumb Code     0  startup_stm32f10x_md.o(.text)
    TIM3_IRQHandler                          0x0800011f   Thumb Code     0  startup_stm32f10x_md.o(.text)
    TIM4_IRQHandler                          0x0800011f   Thumb Code     0  startup_stm32f10x_md.o(.text)
    USART3_IRQHandler                        0x0800011f   Thumb Code     0  startup_stm32f10x_md.o(.text)
    USBWakeUp_IRQHandler                     0x0800011f   Thumb Code     0  startup_stm32f10x_md.o(.text)
    USB_HP_CAN1_TX_IRQHandler                0x0800011f   Thumb Code     0  startup_stm32f10x_md.o(.text)
    USB_LP_CAN1_RX0_IRQHandler               0x0800011f   Thumb Code     0  startup_stm32f10x_md.o(.text)
    WWDG_IRQHandler                          0x0800011f   Thumb Code     0  startup_stm32f10x_md.o(.text)
    __aeabi_memcpy                           0x08000129   Thumb Code    36  memcpya.o(.text)
    __aeabi_memcpy4                          0x08000129   Thumb Code     0  memcpya.o(.text)
    __aeabi_memcpy8                          0x08000129   Thumb Code     0  memcpya.o(.text)
    __aeabi_memset                           0x0800014d   Thumb Code    14  memseta.o(.text)
    __aeabi_memset4                          0x0800014d   Thumb Code     0  memseta.o(.text)
    __aeabi_memset8                          0x0800014d   Thumb Code     0  memseta.o(.text)
    __aeabi_memclr                           0x0800015b   Thumb Code     4  memseta.o(.text)
    __aeabi_memclr4                          0x0800015b   Thumb Code     0  memseta.o(.text)
    __aeabi_memclr8                          0x0800015b   Thumb Code     0  memseta.o(.text)
    _memset$wrapper                          0x0800015f   Thumb Code    18  memseta.o(.text)
    strstr                                   0x08000171   Thumb Code    36  strstr.o(.text)
    strchr                                   0x08000195   Thumb Code    20  strchr.o(.text)
    strlen                                   0x080001a9   Thumb Code    14  strlen.o(.text)
    strncat                                  0x080001b7   Thumb Code    40  strncat.o(.text)
    __aeabi_fmul                             0x080001df   Thumb Code   100  fmul.o(.text)
    __aeabi_fdiv                             0x08000243   Thumb Code   124  fdiv.o(.text)
    __aeabi_ui2f                             0x080002bf   Thumb Code    10  ffltui.o(.text)
    __aeabi_f2uiz                            0x080002c9   Thumb Code    40  ffixui.o(.text)
    __aeabi_f2d                              0x080002f1   Thumb Code    38  f2d.o(.text)
    __aeabi_cfrcmple                         0x08000319   Thumb Code    20  cfrcmple.o(.text)
    __aeabi_uidiv                            0x0800032d   Thumb Code     0  uidiv.o(.text)
    __aeabi_uidivmod                         0x0800032d   Thumb Code    44  uidiv.o(.text)
    __aeabi_uldivmod                         0x08000359   Thumb Code    98  uldiv.o(.text)
    __I$use$fp                               0x080003bb   Thumb Code     0  iusefp.o(.text)
    _float_round                             0x080003bb   Thumb Code    18  fepilogue.o(.text)
    _float_epilogue                          0x080003cd   Thumb Code    92  fepilogue.o(.text)
    __aeabi_dadd                             0x08000429   Thumb Code   322  dadd.o(.text)
    __aeabi_dsub                             0x0800056b   Thumb Code     6  dadd.o(.text)
    __aeabi_drsub                            0x08000571   Thumb Code     6  dadd.o(.text)
    __aeabi_dmul                             0x08000577   Thumb Code   228  dmul.o(.text)
    __aeabi_ddiv                             0x0800065b   Thumb Code   222  ddiv.o(.text)
    __aeabi_d2ulz                            0x08000739   Thumb Code    48  dfixul.o(.text)
    __aeabi_cdrcmple                         0x08000769   Thumb Code    48  cdrcmple.o(.text)
    __scatterload                            0x08000799   Thumb Code    28  init.o(.text)
    __scatterload_rt2                        0x08000799   Thumb Code     0  init.o(.text)
    __aeabi_llsl                             0x080007bd   Thumb Code    30  llshl.o(.text)
    _ll_shift_l                              0x080007bd   Thumb Code     0  llshl.o(.text)
    __aeabi_llsr                             0x080007db   Thumb Code    32  llushr.o(.text)
    _ll_ushift_r                             0x080007db   Thumb Code     0  llushr.o(.text)
    __aeabi_lasr                             0x080007fb   Thumb Code    36  llsshr.o(.text)
    _ll_sshift_r                             0x080007fb   Thumb Code     0  llsshr.o(.text)
    _double_round                            0x0800081f   Thumb Code    30  depilogue.o(.text)
    _double_epilogue                         0x0800083d   Thumb Code   156  depilogue.o(.text)
    BH1750_Byte_Write                        0x080008d9   Thumb Code    50  bh1750.o(i.BH1750_Byte_Write)
    BH1750_Init                              0x0800090b   Thumb Code    18  bh1750.o(i.BH1750_Init)
    BH1750_Power_ON                          0x0800091d   Thumb Code    10  bh1750.o(i.BH1750_Power_ON)
    BH1750_Read_Measure                      0x08000927   Thumb Code    58  bh1750.o(i.BH1750_Read_Measure)
    Beep_Init                                0x08000961   Thumb Code    48  beep.o(i.Beep_Init)
    Beep_OFF                                 0x08000995   Thumb Code    14  beep.o(i.Beep_OFF)
    Beep_ON                                  0x080009a9   Thumb Code    14  beep.o(i.Beep_ON)
    BusFault_Handler                         0x080009bd   Thumb Code     4  stm32f10x_it.o(i.BusFault_Handler)
    DH11_GPIO_Init_IN                        0x080009c1   Thumb Code    38  dht11.o(i.DH11_GPIO_Init_IN)
    DH11_GPIO_Init_OUT                       0x080009ed   Thumb Code    36  dht11.o(i.DH11_GPIO_Init_OUT)
    DHT11_REC_Data                           0x08000a15   Thumb Code   156  dht11.o(i.DHT11_REC_Data)
    DHT11_Rec_Byte                           0x08000ab9   Thumb Code    74  dht11.o(i.DHT11_Rec_Byte)
    DHT11_Start                              0x08000b09   Thumb Code    54  dht11.o(i.DHT11_Start)
    DebugMon_Handler                         0x08000b45   Thumb Code     2  stm32f10x_it.o(i.DebugMon_Handler)
    ESP8266_Clear                            0x08000b49   Thumb Code    18  esp8266.o(i.ESP8266_Clear)
    ESP8266_GetIPD                           0x08000b65   Thumb Code    68  esp8266.o(i.ESP8266_GetIPD)
    ESP8266_Init                             0x08000bb5   Thumb Code   236  esp8266.o(i.ESP8266_Init)
    ESP8266_SendCmd                          0x08000d85   Thumb Code    76  esp8266.o(i.ESP8266_SendCmd)
    ESP8266_SendData                         0x08000dd9   Thumb Code    46  esp8266.o(i.ESP8266_SendData)
    ESP8266_WaitRecive                       0x08000e21   Thumb Code    42  esp8266.o(i.ESP8266_WaitRecive)
    GPIO_Init                                0x08000e55   Thumb Code   278  stm32f10x_gpio.o(i.GPIO_Init)
    GPIO_PinRemapConfig                      0x08000f6d   Thumb Code   138  stm32f10x_gpio.o(i.GPIO_PinRemapConfig)
    GPIO_ReadInputDataBit                    0x08000ffd   Thumb Code    18  stm32f10x_gpio.o(i.GPIO_ReadInputDataBit)
    GPIO_ReadOutputDataBit                   0x0800100f   Thumb Code    18  stm32f10x_gpio.o(i.GPIO_ReadOutputDataBit)
    GPIO_ResetBits                           0x08001021   Thumb Code     4  stm32f10x_gpio.o(i.GPIO_ResetBits)
    GPIO_SetBits                             0x08001025   Thumb Code     4  stm32f10x_gpio.o(i.GPIO_SetBits)
    GPIO_WriteBit                            0x08001029   Thumb Code    10  stm32f10x_gpio.o(i.GPIO_WriteBit)
    HardFault_Handler                        0x08001033   Thumb Code     4  stm32f10x_it.o(i.HardFault_Handler)
    Hardware_Init                            0x08001039   Thumb Code   114  main.o(i.Hardware_Init)
    LED_Init                                 0x08001101   Thumb Code    48  led.o(i.LED_Init)
    LED_ON                                   0x08001135   Thumb Code    14  led.o(i.LED_ON)
    LED_Turn                                 0x08001149   Thumb Code    38  led.o(i.LED_Turn)
    LIght_Intensity                          0x08001175   Thumb Code    32  bh1750.o(i.LIght_Intensity)
    MQTT_DeleteBuffer                        0x08001199   Thumb Code    28  mqttkit.o(i.MQTT_DeleteBuffer)
    MQTT_DumpLength                          0x080011b5   Thumb Code    46  mqttkit.o(i.MQTT_DumpLength)
    MQTT_NewBuffer                           0x080011e3   Thumb Code    88  mqttkit.o(i.MQTT_NewBuffer)
    MQTT_PacketConnect                       0x0800123d   Thumb Code   666  mqttkit.o(i.MQTT_PacketConnect)
    MQTT_PacketPublish                       0x080014dd   Thumb Code   440  mqttkit.o(i.MQTT_PacketPublish)
    MQTT_PacketSubscribe                     0x08001695   Thumb Code   254  mqttkit.o(i.MQTT_PacketSubscribe)
    MQTT_ReadLength                          0x08001793   Thumb Code    70  mqttkit.o(i.MQTT_ReadLength)
    MQTT_UnPacketConnectAck                  0x080017d9   Thumb Code    30  mqttkit.o(i.MQTT_UnPacketConnectAck)
    MQTT_UnPacketRecv                        0x080017f9   Thumb Code   106  mqttkit.o(i.MQTT_UnPacketRecv)
    MemManage_Handler                        0x0800186d   Thumb Code     4  stm32f10x_it.o(i.MemManage_Handler)
    NMI_Handler                              0x08001871   Thumb Code     2  stm32f10x_it.o(i.NMI_Handler)
    NVIC_Init                                0x08001875   Thumb Code   100  misc.o(i.NVIC_Init)
    NVIC_PriorityGroupConfig                 0x080018e5   Thumb Code    10  misc.o(i.NVIC_PriorityGroupConfig)
    OLED_Clear                               0x080018f9   Thumb Code    42  oled.o(i.OLED_Clear)
    OLED_I2C_Init                            0x08001925   Thumb Code    76  oled.o(i.OLED_I2C_Init)
    OLED_I2C_SendByte                        0x08001975   Thumb Code    80  oled.o(i.OLED_I2C_SendByte)
    OLED_I2C_Start                           0x080019c9   Thumb Code    48  oled.o(i.OLED_I2C_Start)
    OLED_I2C_Stop                            0x080019fd   Thumb Code    36  oled.o(i.OLED_I2C_Stop)
    OLED_Init                                0x08001a25   Thumb Code   174  oled.o(i.OLED_Init)
    OLED_Pow                                 0x08001ad3   Thumb Code    20  oled.o(i.OLED_Pow)
    OLED_SetCursor                           0x08001ae7   Thumb Code    34  oled.o(i.OLED_SetCursor)
    OLED_ShowChar                            0x08001b09   Thumb Code   110  oled.o(i.OLED_ShowChar)
    OLED_ShowNum                             0x08001b7d   Thumb Code    68  oled.o(i.OLED_ShowNum)
    OLED_ShowString                          0x08001bc1   Thumb Code    40  oled.o(i.OLED_ShowString)
    OLED_WriteCommand                        0x08001be9   Thumb Code    32  oled.o(i.OLED_WriteCommand)
    OLED_WriteData                           0x08001c09   Thumb Code    32  oled.o(i.OLED_WriteData)
    OneNet_DevLink                           0x08001c29   Thumb Code   212  onenet.o(i.OneNet_DevLink)
    OneNet_Publish                           0x08001e4d   Thumb Code    86  onenet.o(i.OneNet_Publish)
    OneNet_Subscribe                         0x08001ec9   Thumb Code    80  onenet.o(i.OneNet_Subscribe)
    PendSV_Handler                           0x08001f35   Thumb Code     2  stm32f10x_it.o(i.PendSV_Handler)
    RCC_APB1PeriphClockCmd                   0x08001f39   Thumb Code    26  stm32f10x_rcc.o(i.RCC_APB1PeriphClockCmd)
    RCC_APB2PeriphClockCmd                   0x08001f59   Thumb Code    26  stm32f10x_rcc.o(i.RCC_APB2PeriphClockCmd)
    RCC_GetClocksFreq                        0x08001f79   Thumb Code   192  stm32f10x_rcc.o(i.RCC_GetClocksFreq)
    SDA_IN                                   0x0800204d   Thumb Code    32  sgp30.o(i.SDA_IN)
    SDA_OUT                                  0x08002071   Thumb Code    32  sgp30.o(i.SDA_OUT)
    SGP30_GPIO_Init                          0x08002095   Thumb Code    56  sgp30.o(i.SGP30_GPIO_Init)
    SGP30_IIC_Ack                            0x080020d1   Thumb Code    48  sgp30.o(i.SGP30_IIC_Ack)
    SGP30_IIC_NAck                           0x08002109   Thumb Code    48  sgp30.o(i.SGP30_IIC_NAck)
    SGP30_IIC_Read_Byte                      0x08002141   Thumb Code    88  sgp30.o(i.SGP30_IIC_Read_Byte)
    SGP30_IIC_Send_Byte                      0x080021a5   Thumb Code    92  sgp30.o(i.SGP30_IIC_Send_Byte)
    SGP30_IIC_Start                          0x08002209   Thumb Code    46  sgp30.o(i.SGP30_IIC_Start)
    SGP30_IIC_Stop                           0x08002241   Thumb Code    44  sgp30.o(i.SGP30_IIC_Stop)
    SGP30_IIC_Wait_Ack                       0x08002275   Thumb Code    76  sgp30.o(i.SGP30_IIC_Wait_Ack)
    SGP30_Init                               0x080022cd   Thumb Code    16  sgp30.o(i.SGP30_Init)
    SGP30_Read                               0x080022dd   Thumb Code    72  sgp30.o(i.SGP30_Read)
    SGP30_Write                              0x08002325   Thumb Code    52  sgp30.o(i.SGP30_Write)
    SVC_Handler                              0x08002359   Thumb Code     2  stm32f10x_it.o(i.SVC_Handler)
    SysTick_CLKSourceConfig                  0x08002445   Thumb Code    40  misc.o(i.SysTick_CLKSourceConfig)
    SysTick_Handler                          0x0800246d   Thumb Code     2  stm32f10x_it.o(i.SysTick_Handler)
    SystemInit                               0x08002471   Thumb Code    78  system_stm32f10x.o(i.SystemInit)
    TIM2_IRQHandler                          0x080024d1   Thumb Code    74  timer.o(i.TIM2_IRQHandler)
    TIM_ClearFlag                            0x08002525   Thumb Code     6  stm32f10x_tim.o(i.TIM_ClearFlag)
    TIM_ClearITPendingBit                    0x0800252b   Thumb Code     6  stm32f10x_tim.o(i.TIM_ClearITPendingBit)
    TIM_Cmd                                  0x08002531   Thumb Code    24  stm32f10x_tim.o(i.TIM_Cmd)
    TIM_GetITStatus                          0x08002549   Thumb Code    34  stm32f10x_tim.o(i.TIM_GetITStatus)
    TIM_ITConfig                             0x0800256b   Thumb Code    18  stm32f10x_tim.o(i.TIM_ITConfig)
    TIM_InternalClockConfig                  0x0800257d   Thumb Code    12  stm32f10x_tim.o(i.TIM_InternalClockConfig)
    TIM_TimeBaseInit                         0x08002589   Thumb Code   122  stm32f10x_tim.o(i.TIM_TimeBaseInit)
    Timer_Init                               0x0800262d   Thumb Code   124  timer.o(i.Timer_Init)
    USART1_IRQHandler                        0x080026a9   Thumb Code    24  usart.o(i.USART1_IRQHandler)
    USART2_IRQHandler                        0x080026c5   Thumb Code    62  esp8266.o(i.USART2_IRQHandler)
    USART_ClearFlag                          0x08002711   Thumb Code    18  stm32f10x_usart.o(i.USART_ClearFlag)
    USART_Cmd                                0x08002723   Thumb Code    24  stm32f10x_usart.o(i.USART_Cmd)
    USART_GetFlagStatus                      0x0800273b   Thumb Code    26  stm32f10x_usart.o(i.USART_GetFlagStatus)
    USART_GetITStatus                        0x08002755   Thumb Code    84  stm32f10x_usart.o(i.USART_GetITStatus)
    USART_ITConfig                           0x080027a9   Thumb Code    74  stm32f10x_usart.o(i.USART_ITConfig)
    USART_Init                               0x080027f5   Thumb Code   210  stm32f10x_usart.o(i.USART_Init)
    USART_SendData                           0x080028cd   Thumb Code     8  stm32f10x_usart.o(i.USART_SendData)
    UsageFault_Handler                       0x080028d5   Thumb Code     4  stm32f10x_it.o(i.UsageFault_Handler)
    Usart1_Init                              0x080028d9   Thumb Code   166  usart.o(i.Usart1_Init)
    Usart2_Init                              0x08002989   Thumb Code   162  usart.o(i.Usart2_Init)
    UsartPrintf                              0x08002a35   Thumb Code    72  usart.o(i.UsartPrintf)
    Usart_SendString                         0x08002a7d   Thumb Code    50  usart.o(i.Usart_SendString)
    __0sprintf                               0x08002ab1   Thumb Code    34  printfa.o(i.__0sprintf)
    __1sprintf                               0x08002ab1   Thumb Code     0  printfa.o(i.__0sprintf)
    __2sprintf                               0x08002ab1   Thumb Code     0  printfa.o(i.__0sprintf)
    __c89sprintf                             0x08002ab1   Thumb Code     0  printfa.o(i.__0sprintf)
    sprintf                                  0x08002ab1   Thumb Code     0  printfa.o(i.__0sprintf)
    __0vsnprintf                             0x08002ad9   Thumb Code    46  printfa.o(i.__0vsnprintf)
    __1vsnprintf                             0x08002ad9   Thumb Code     0  printfa.o(i.__0vsnprintf)
    __2vsnprintf                             0x08002ad9   Thumb Code     0  printfa.o(i.__0vsnprintf)
    __c89vsnprintf                           0x08002ad9   Thumb Code     0  printfa.o(i.__0vsnprintf)
    vsnprintf                                0x08002ad9   Thumb Code     0  printfa.o(i.__0vsnprintf)
    __scatterload_copy                       0x08002b0d   Thumb Code    14  handlers.o(i.__scatterload_copy)
    __scatterload_null                       0x08002b1b   Thumb Code     2  handlers.o(i.__scatterload_null)
    __scatterload_zeroinit                   0x08002b1d   Thumb Code    14  handlers.o(i.__scatterload_zeroinit)
    delay_init                               0x080033d9   Thumb Code    50  delay.o(i.delay_init)
    delay_ms                                 0x0800341d   Thumb Code    72  delay.o(i.delay_ms)
    delay_us                                 0x08003469   Thumb Code    72  delay.o(i.delay_us)
    free                                     0x080034b5   Thumb Code    76  malloc.o(i.free)
    i2c_Ack                                  0x08003505   Thumb Code    44  bh1750.o(i.i2c_Ack)
    i2c_NAck                                 0x08003545   Thumb Code    36  bh1750.o(i.i2c_NAck)
    i2c_ReadByte                             0x0800356d   Thumb Code    62  bh1750.o(i.i2c_ReadByte)
    i2c_SendByte                             0x080035b1   Thumb Code    80  bh1750.o(i.i2c_SendByte)
    i2c_Start                                0x08003605   Thumb Code    42  bh1750.o(i.i2c_Start)
    i2c_Stop                                 0x08003635   Thumb Code    28  bh1750.o(i.i2c_Stop)
    i2c_WaitAck                              0x08003655   Thumb Code    56  bh1750.o(i.i2c_WaitAck)
    main                                     0x08003691   Thumb Code   558  main.o(i.main)
    malloc                                   0x08003981   Thumb Code    92  malloc.o(i.malloc)
    OLED_F8x16                               0x080039ec   Data        1520  oled.o(.constdata)
    Region$$Table$$Base                      0x08003ff8   Number         0  anon$$obj.o(Region$$Table)
    Region$$Table$$Limit                     0x08004018   Number         0  anon$$obj.o(Region$$Table)
    SystemCoreClock                          0x20000000   Data           4  system_stm32f10x.o(.data)
    AHBPrescTable                            0x20000004   Data          16  system_stm32f10x.o(.data)
    timeCount                                0x2000002c   Data           4  timer.o(.data)
    push_flag                                0x20000030   Data           2  timer.o(.data)
    rec_data                                 0x20000032   Data           4  dht11.o(.data)
    esp8266_cnt                              0x20000036   Data           2  esp8266.o(.data)
    esp8266_cntPre                           0x20000038   Data           2  esp8266.o(.data)
    topics                                   0x2000003c   Data           8  main.o(.data)
    hum                                      0x20000044   Data           1  main.o(.data)
    light                                    0x20000048   Data           4  main.o(.data)
    CO2_dat                                  0x2000004c   Data           4  main.o(.data)
    warring_flag                             0x20000050   Data           1  main.o(.data)
    warring_flag_last                        0x20000051   Data           1  main.o(.data)
    __microlib_freelist                      0x20000054   Data           4  mvars.o(.data)
    __microlib_freelist_initialised          0x20000058   Data           4  mvars.o(.data)
    esp8266_buf                              0x2000005c   Data         128  esp8266.o(.bss)
    onenet_buf                               0x200000dc   Data         128  main.o(.bss)
    __heap_base                              0x20000160   Data           0  startup_stm32f10x_md.o(HEAP)
    __heap_limit                             0x20000360   Data           0  startup_stm32f10x_md.o(HEAP)
    __initial_sp                             0x20000760   Data           0  startup_stm32f10x_md.o(STACK)



==============================================================================

Memory Map of the image

  Image Entry point : 0x080000ed

  Load Region LR_IROM1 (Base: 0x08000000, Size: 0x00004074, Max: 0x00010000, ABSOLUTE)

    Execution Region ER_IROM1 (Exec base: 0x08000000, Load base: 0x08000000, Size: 0x00004018, Max: 0x00010000, ABSOLUTE)

    Exec Addr    Load Addr    Size         Type   Attr      Idx    E Section Name        Object

    0x08000000   0x08000000   0x000000ec   Data   RO          132    RESET               startup_stm32f10x_md.o
    0x080000ec   0x080000ec   0x00000000   Code   RO         2166  * .ARM.Collect$$$$00000000  mc_w.l(entry.o)
    0x080000ec   0x080000ec   0x00000004   Code   RO         2484    .ARM.Collect$$$$00000001  mc_w.l(entry2.o)
    0x080000f0   0x080000f0   0x00000004   Code   RO         2487    .ARM.Collect$$$$00000004  mc_w.l(entry5.o)
    0x080000f4   0x080000f4   0x00000000   Code   RO         2489    .ARM.Collect$$$$00000008  mc_w.l(entry7b.o)
    0x080000f4   0x080000f4   0x00000000   Code   RO         2491    .ARM.Collect$$$$0000000A  mc_w.l(entry8b.o)
    0x080000f4   0x080000f4   0x00000008   Code   RO         2492    .ARM.Collect$$$$0000000B  mc_w.l(entry9a.o)
    0x080000fc   0x080000fc   0x00000004   Code   RO         2499    .ARM.Collect$$$$0000000E  mc_w.l(entry12b.o)
    0x08000100   0x08000100   0x00000000   Code   RO         2494    .ARM.Collect$$$$0000000F  mc_w.l(entry10a.o)
    0x08000100   0x08000100   0x00000000   Code   RO         2496    .ARM.Collect$$$$00000011  mc_w.l(entry11a.o)
    0x08000100   0x08000100   0x00000004   Code   RO         2485    .ARM.Collect$$$$00002712  mc_w.l(entry2.o)
    0x08000104   0x08000104   0x00000024   Code   RO          133    .text               startup_stm32f10x_md.o
    0x08000128   0x08000128   0x00000024   Code   RO         2169    .text               mc_w.l(memcpya.o)
    0x0800014c   0x0800014c   0x00000024   Code   RO         2171    .text               mc_w.l(memseta.o)
    0x08000170   0x08000170   0x00000024   Code   RO         2173    .text               mc_w.l(strstr.o)
    0x08000194   0x08000194   0x00000014   Code   RO         2175    .text               mc_w.l(strchr.o)
    0x080001a8   0x080001a8   0x0000000e   Code   RO         2177    .text               mc_w.l(strlen.o)
    0x080001b6   0x080001b6   0x00000028   Code   RO         2179    .text               mc_w.l(strncat.o)
    0x080001de   0x080001de   0x00000064   Code   RO         2472    .text               mf_w.l(fmul.o)
    0x08000242   0x08000242   0x0000007c   Code   RO         2474    .text               mf_w.l(fdiv.o)
    0x080002be   0x080002be   0x0000000a   Code   RO         2476    .text               mf_w.l(ffltui.o)
    0x080002c8   0x080002c8   0x00000028   Code   RO         2478    .text               mf_w.l(ffixui.o)
    0x080002f0   0x080002f0   0x00000026   Code   RO         2480    .text               mf_w.l(f2d.o)
    0x08000316   0x08000316   0x00000002   PAD
    0x08000318   0x08000318   0x00000014   Code   RO         2482    .text               mf_w.l(cfrcmple.o)
    0x0800032c   0x0800032c   0x0000002c   Code   RO         2503    .text               mc_w.l(uidiv.o)
    0x08000358   0x08000358   0x00000062   Code   RO         2505    .text               mc_w.l(uldiv.o)
    0x080003ba   0x080003ba   0x00000000   Code   RO         2509    .text               mc_w.l(iusefp.o)
    0x080003ba   0x080003ba   0x0000006e   Code   RO         2510    .text               mf_w.l(fepilogue.o)
    0x08000428   0x08000428   0x0000014e   Code   RO         2512    .text               mf_w.l(dadd.o)
    0x08000576   0x08000576   0x000000e4   Code   RO         2514    .text               mf_w.l(dmul.o)
    0x0800065a   0x0800065a   0x000000de   Code   RO         2516    .text               mf_w.l(ddiv.o)
    0x08000738   0x08000738   0x00000030   Code   RO         2518    .text               mf_w.l(dfixul.o)
    0x08000768   0x08000768   0x00000030   Code   RO         2520    .text               mf_w.l(cdrcmple.o)
    0x08000798   0x08000798   0x00000024   Code   RO         2522    .text               mc_w.l(init.o)
    0x080007bc   0x080007bc   0x0000001e   Code   RO         2525    .text               mc_w.l(llshl.o)
    0x080007da   0x080007da   0x00000020   Code   RO         2527    .text               mc_w.l(llushr.o)
    0x080007fa   0x080007fa   0x00000024   Code   RO         2529    .text               mc_w.l(llsshr.o)
    0x0800081e   0x0800081e   0x000000ba   Code   RO         2532    .text               mf_w.l(depilogue.o)
    0x080008d8   0x080008d8   0x00000032   Code   RO         1352    i.BH1750_Byte_Write  bh1750.o
    0x0800090a   0x0800090a   0x00000012   Code   RO         1353    i.BH1750_Init       bh1750.o
    0x0800091c   0x0800091c   0x0000000a   Code   RO         1355    i.BH1750_Power_ON   bh1750.o
    0x08000926   0x08000926   0x0000003a   Code   RO         1357    i.BH1750_Read_Measure  bh1750.o
    0x08000960   0x08000960   0x00000034   Code   RO         1756    i.Beep_Init         beep.o
    0x08000994   0x08000994   0x00000014   Code   RO         1757    i.Beep_OFF          beep.o
    0x080009a8   0x080009a8   0x00000014   Code   RO         1758    i.Beep_ON           beep.o
    0x080009bc   0x080009bc   0x00000004   Code   RO         2103    i.BusFault_Handler  stm32f10x_it.o
    0x080009c0   0x080009c0   0x0000002c   Code   RO         1461    i.DH11_GPIO_Init_IN  dht11.o
    0x080009ec   0x080009ec   0x00000028   Code   RO         1462    i.DH11_GPIO_Init_OUT  dht11.o
    0x08000a14   0x08000a14   0x000000a4   Code   RO         1463    i.DHT11_REC_Data    dht11.o
    0x08000ab8   0x08000ab8   0x00000050   Code   RO         1464    i.DHT11_Rec_Byte    dht11.o
    0x08000b08   0x08000b08   0x0000003c   Code   RO         1465    i.DHT11_Start       dht11.o
    0x08000b44   0x08000b44   0x00000002   Code   RO         2104    i.DebugMon_Handler  stm32f10x_it.o
    0x08000b46   0x08000b46   0x00000002   PAD
    0x08000b48   0x08000b48   0x0000001c   Code   RO         1780    i.ESP8266_Clear     esp8266.o
    0x08000b64   0x08000b64   0x00000050   Code   RO         1781    i.ESP8266_GetIPD    esp8266.o
    0x08000bb4   0x08000bb4   0x000001d0   Code   RO         1782    i.ESP8266_Init      esp8266.o
    0x08000d84   0x08000d84   0x00000054   Code   RO         1783    i.ESP8266_SendCmd   esp8266.o
    0x08000dd8   0x08000dd8   0x00000048   Code   RO         1784    i.ESP8266_SendData  esp8266.o
    0x08000e20   0x08000e20   0x00000034   Code   RO         1785    i.ESP8266_WaitRecive  esp8266.o
    0x08000e54   0x08000e54   0x00000116   Code   RO          183    i.GPIO_Init         stm32f10x_gpio.o
    0x08000f6a   0x08000f6a   0x00000002   PAD
    0x08000f6c   0x08000f6c   0x00000090   Code   RO          185    i.GPIO_PinRemapConfig  stm32f10x_gpio.o
    0x08000ffc   0x08000ffc   0x00000012   Code   RO          187    i.GPIO_ReadInputDataBit  stm32f10x_gpio.o
    0x0800100e   0x0800100e   0x00000012   Code   RO          189    i.GPIO_ReadOutputDataBit  stm32f10x_gpio.o
    0x08001020   0x08001020   0x00000004   Code   RO          190    i.GPIO_ResetBits    stm32f10x_gpio.o
    0x08001024   0x08001024   0x00000004   Code   RO          191    i.GPIO_SetBits      stm32f10x_gpio.o
    0x08001028   0x08001028   0x0000000a   Code   RO          194    i.GPIO_WriteBit     stm32f10x_gpio.o
    0x08001032   0x08001032   0x00000004   Code   RO         2105    i.HardFault_Handler  stm32f10x_it.o
    0x08001036   0x08001036   0x00000002   PAD
    0x08001038   0x08001038   0x00000098   Code   RO         2054    i.Hardware_Init     main.o
    0x080010d0   0x080010d0   0x00000030   Code   RO         1358    i.I2C_BH1750_GPIOConfig  bh1750.o
    0x08001100   0x08001100   0x00000034   Code   RO         1521    i.LED_Init          led.o
    0x08001134   0x08001134   0x00000014   Code   RO         1523    i.LED_ON            led.o
    0x08001148   0x08001148   0x0000002c   Code   RO         1524    i.LED_Turn          led.o
    0x08001174   0x08001174   0x00000024   Code   RO         1359    i.LIght_Intensity   bh1750.o
    0x08001198   0x08001198   0x0000001c   Code   RO         1839    i.MQTT_DeleteBuffer  mqttkit.o
    0x080011b4   0x080011b4   0x0000002e   Code   RO         1840    i.MQTT_DumpLength   mqttkit.o
    0x080011e2   0x080011e2   0x00000058   Code   RO         1841    i.MQTT_NewBuffer    mqttkit.o
    0x0800123a   0x0800123a   0x00000002   PAD
    0x0800123c   0x0800123c   0x000002a0   Code   RO         1843    i.MQTT_PacketConnect  mqttkit.o
    0x080014dc   0x080014dc   0x000001b8   Code   RO         1846    i.MQTT_PacketPublish  mqttkit.o
    0x08001694   0x08001694   0x000000fe   Code   RO         1853    i.MQTT_PacketSubscribe  mqttkit.o
    0x08001792   0x08001792   0x00000046   Code   RO         1855    i.MQTT_ReadLength   mqttkit.o
    0x080017d8   0x080017d8   0x0000001e   Code   RO         1857    i.MQTT_UnPacketConnectAck  mqttkit.o
    0x080017f6   0x080017f6   0x00000002   PAD
    0x080017f8   0x080017f8   0x00000074   Code   RO         1863    i.MQTT_UnPacketRecv  mqttkit.o
    0x0800186c   0x0800186c   0x00000004   Code   RO         2106    i.MemManage_Handler  stm32f10x_it.o
    0x08001870   0x08001870   0x00000002   Code   RO         2107    i.NMI_Handler       stm32f10x_it.o
    0x08001872   0x08001872   0x00000002   PAD
    0x08001874   0x08001874   0x00000070   Code   RO          137    i.NVIC_Init         misc.o
    0x080018e4   0x080018e4   0x00000014   Code   RO          138    i.NVIC_PriorityGroupConfig  misc.o
    0x080018f8   0x080018f8   0x0000002a   Code   RO         1551    i.OLED_Clear        oled.o
    0x08001922   0x08001922   0x00000002   PAD
    0x08001924   0x08001924   0x00000050   Code   RO         1552    i.OLED_I2C_Init     oled.o
    0x08001974   0x08001974   0x00000054   Code   RO         1553    i.OLED_I2C_SendByte  oled.o
    0x080019c8   0x080019c8   0x00000034   Code   RO         1554    i.OLED_I2C_Start    oled.o
    0x080019fc   0x080019fc   0x00000028   Code   RO         1555    i.OLED_I2C_Stop     oled.o
    0x08001a24   0x08001a24   0x000000ae   Code   RO         1556    i.OLED_Init         oled.o
    0x08001ad2   0x08001ad2   0x00000014   Code   RO         1557    i.OLED_Pow          oled.o
    0x08001ae6   0x08001ae6   0x00000022   Code   RO         1558    i.OLED_SetCursor    oled.o
    0x08001b08   0x08001b08   0x00000074   Code   RO         1561    i.OLED_ShowChar     oled.o
    0x08001b7c   0x08001b7c   0x00000044   Code   RO         1563    i.OLED_ShowNum      oled.o
    0x08001bc0   0x08001bc0   0x00000028   Code   RO         1565    i.OLED_ShowString   oled.o
    0x08001be8   0x08001be8   0x00000020   Code   RO         1566    i.OLED_WriteCommand  oled.o
    0x08001c08   0x08001c08   0x00000020   Code   RO         1567    i.OLED_WriteData    oled.o
    0x08001c28   0x08001c28   0x00000224   Code   RO         2023    i.OneNet_DevLink    onenet.o
    0x08001e4c   0x08001e4c   0x0000007c   Code   RO         2024    i.OneNet_Publish    onenet.o
    0x08001ec8   0x08001ec8   0x0000006c   Code   RO         2025    i.OneNet_Subscribe  onenet.o
    0x08001f34   0x08001f34   0x00000002   Code   RO         2108    i.PendSV_Handler    stm32f10x_it.o
    0x08001f36   0x08001f36   0x00000002   PAD
    0x08001f38   0x08001f38   0x00000020   Code   RO          293    i.RCC_APB1PeriphClockCmd  stm32f10x_rcc.o
    0x08001f58   0x08001f58   0x00000020   Code   RO          295    i.RCC_APB2PeriphClockCmd  stm32f10x_rcc.o
    0x08001f78   0x08001f78   0x000000d4   Code   RO          303    i.RCC_GetClocksFreq  stm32f10x_rcc.o
    0x0800204c   0x0800204c   0x00000024   Code   RO         1669    i.SDA_IN            sgp30.o
    0x08002070   0x08002070   0x00000024   Code   RO         1670    i.SDA_OUT           sgp30.o
    0x08002094   0x08002094   0x0000003c   Code   RO         1671    i.SGP30_GPIO_Init   sgp30.o
    0x080020d0   0x080020d0   0x00000038   Code   RO         1672    i.SGP30_IIC_Ack     sgp30.o
    0x08002108   0x08002108   0x00000038   Code   RO         1673    i.SGP30_IIC_NAck    sgp30.o
    0x08002140   0x08002140   0x00000064   Code   RO         1674    i.SGP30_IIC_Read_Byte  sgp30.o
    0x080021a4   0x080021a4   0x00000064   Code   RO         1675    i.SGP30_IIC_Send_Byte  sgp30.o
    0x08002208   0x08002208   0x00000038   Code   RO         1676    i.SGP30_IIC_Start   sgp30.o
    0x08002240   0x08002240   0x00000034   Code   RO         1677    i.SGP30_IIC_Stop    sgp30.o
    0x08002274   0x08002274   0x00000058   Code   RO         1678    i.SGP30_IIC_Wait_Ack  sgp30.o
    0x080022cc   0x080022cc   0x00000010   Code   RO         1679    i.SGP30_Init        sgp30.o
    0x080022dc   0x080022dc   0x00000048   Code   RO         1680    i.SGP30_Read        sgp30.o
    0x08002324   0x08002324   0x00000034   Code   RO         1681    i.SGP30_Write       sgp30.o
    0x08002358   0x08002358   0x00000002   Code   RO         2109    i.SVC_Handler       stm32f10x_it.o
    0x0800235a   0x0800235a   0x00000008   Code   RO           17    i.SetSysClock       system_stm32f10x.o
    0x08002362   0x08002362   0x00000002   PAD
    0x08002364   0x08002364   0x000000e0   Code   RO           18    i.SetSysClockTo72   system_stm32f10x.o
    0x08002444   0x08002444   0x00000028   Code   RO          141    i.SysTick_CLKSourceConfig  misc.o
    0x0800246c   0x0800246c   0x00000002   Code   RO         2110    i.SysTick_Handler   stm32f10x_it.o
    0x0800246e   0x0800246e   0x00000002   PAD
    0x08002470   0x08002470   0x00000060   Code   RO           20    i.SystemInit        system_stm32f10x.o
    0x080024d0   0x080024d0   0x00000054   Code   RO         1279    i.TIM2_IRQHandler   timer.o
    0x08002524   0x08002524   0x00000006   Code   RO          501    i.TIM_ClearFlag     stm32f10x_tim.o
    0x0800252a   0x0800252a   0x00000006   Code   RO          502    i.TIM_ClearITPendingBit  stm32f10x_tim.o
    0x08002530   0x08002530   0x00000018   Code   RO          507    i.TIM_Cmd           stm32f10x_tim.o
    0x08002548   0x08002548   0x00000022   Code   RO          528    i.TIM_GetITStatus   stm32f10x_tim.o
    0x0800256a   0x0800256a   0x00000012   Code   RO          532    i.TIM_ITConfig      stm32f10x_tim.o
    0x0800257c   0x0800257c   0x0000000c   Code   RO          534    i.TIM_InternalClockConfig  stm32f10x_tim.o
    0x08002588   0x08002588   0x000000a4   Code   RO          578    i.TIM_TimeBaseInit  stm32f10x_tim.o
    0x0800262c   0x0800262c   0x0000007c   Code   RO         1280    i.Timer_Init        timer.o
    0x080026a8   0x080026a8   0x0000001c   Code   RO         1303    i.USART1_IRQHandler  usart.o
    0x080026c4   0x080026c4   0x0000004c   Code   RO         1786    i.USART2_IRQHandler  esp8266.o
    0x08002710   0x08002710   0x00000012   Code   RO         1039    i.USART_ClearFlag   stm32f10x_usart.o
    0x08002722   0x08002722   0x00000018   Code   RO         1043    i.USART_Cmd         stm32f10x_usart.o
    0x0800273a   0x0800273a   0x0000001a   Code   RO         1046    i.USART_GetFlagStatus  stm32f10x_usart.o
    0x08002754   0x08002754   0x00000054   Code   RO         1047    i.USART_GetITStatus  stm32f10x_usart.o
    0x080027a8   0x080027a8   0x0000004a   Code   RO         1049    i.USART_ITConfig    stm32f10x_usart.o
    0x080027f2   0x080027f2   0x00000002   PAD
    0x080027f4   0x080027f4   0x000000d8   Code   RO         1050    i.USART_Init        stm32f10x_usart.o
    0x080028cc   0x080028cc   0x00000008   Code   RO         1060    i.USART_SendData    stm32f10x_usart.o
    0x080028d4   0x080028d4   0x00000004   Code   RO         2111    i.UsageFault_Handler  stm32f10x_it.o
    0x080028d8   0x080028d8   0x000000b0   Code   RO         1304    i.Usart1_Init       usart.o
    0x08002988   0x08002988   0x000000ac   Code   RO         1305    i.Usart2_Init       usart.o
    0x08002a34   0x08002a34   0x00000048   Code   RO         1306    i.UsartPrintf       usart.o
    0x08002a7c   0x08002a7c   0x00000032   Code   RO         1307    i.Usart_SendString  usart.o
    0x08002aae   0x08002aae   0x00000002   PAD
    0x08002ab0   0x08002ab0   0x00000028   Code   RO         2418    i.__0sprintf        mc_w.l(printfa.o)
    0x08002ad8   0x08002ad8   0x00000034   Code   RO         2421    i.__0vsnprintf      mc_w.l(printfa.o)
    0x08002b0c   0x08002b0c   0x0000000e   Code   RO         2536    i.__scatterload_copy  mc_w.l(handlers.o)
    0x08002b1a   0x08002b1a   0x00000002   Code   RO         2537    i.__scatterload_null  mc_w.l(handlers.o)
    0x08002b1c   0x08002b1c   0x0000000e   Code   RO         2538    i.__scatterload_zeroinit  mc_w.l(handlers.o)
    0x08002b2a   0x08002b2a   0x00000002   PAD
    0x08002b2c   0x08002b2c   0x00000184   Code   RO         2423    i._fp_digits        mc_w.l(printfa.o)
    0x08002cb0   0x08002cb0   0x000006b4   Code   RO         2424    i._printf_core      mc_w.l(printfa.o)
    0x08003364   0x08003364   0x00000024   Code   RO         2425    i._printf_post_padding  mc_w.l(printfa.o)
    0x08003388   0x08003388   0x0000002e   Code   RO         2426    i._printf_pre_padding  mc_w.l(printfa.o)
    0x080033b6   0x080033b6   0x00000016   Code   RO         2427    i._snputc           mc_w.l(printfa.o)
    0x080033cc   0x080033cc   0x0000000a   Code   RO         2428    i._sputc            mc_w.l(printfa.o)
    0x080033d6   0x080033d6   0x00000002   PAD
    0x080033d8   0x080033d8   0x00000044   Code   RO         1219    i.delay_init        delay.o
    0x0800341c   0x0800341c   0x0000004c   Code   RO         1220    i.delay_ms          delay.o
    0x08003468   0x08003468   0x0000004c   Code   RO         1221    i.delay_us          delay.o
    0x080034b4   0x080034b4   0x00000050   Code   RO         2444    i.free              mc_w.l(malloc.o)
    0x08003504   0x08003504   0x00000030   Code   RO         1360    i.i2c_Ack           bh1750.o
    0x08003534   0x08003534   0x0000000e   Code   RO         1362    i.i2c_Delay         bh1750.o
    0x08003542   0x08003542   0x00000002   PAD
    0x08003544   0x08003544   0x00000028   Code   RO         1363    i.i2c_NAck          bh1750.o
    0x0800356c   0x0800356c   0x00000044   Code   RO         1364    i.i2c_ReadByte      bh1750.o
    0x080035b0   0x080035b0   0x00000054   Code   RO         1365    i.i2c_SendByte      bh1750.o
    0x08003604   0x08003604   0x00000030   Code   RO         1366    i.i2c_Start         bh1750.o
    0x08003634   0x08003634   0x00000020   Code   RO         1367    i.i2c_Stop          bh1750.o
    0x08003654   0x08003654   0x0000003c   Code   RO         1368    i.i2c_WaitAck       bh1750.o
    0x08003690   0x08003690   0x000002f0   Code   RO         2055    i.main              main.o
    0x08003980   0x08003980   0x0000006c   Code   RO         2445    i.malloc            mc_w.l(malloc.o)
    0x080039ec   0x080039ec   0x000005f0   Data   RO         1568    .constdata          oled.o
    0x08003fdc   0x08003fdc   0x00000019   Data   RO         2057    .conststring        main.o
    0x08003ff5   0x08003ff5   0x00000003   PAD
    0x08003ff8   0x08003ff8   0x00000020   Data   RO         2534    Region$$Table       anon$$obj.o


    Execution Region RW_IRAM1 (Exec base: 0x20000000, Load base: 0x08004018, Size: 0x00000760, Max: 0x00005000, ABSOLUTE)

    Exec Addr    Load Addr    Size         Type   Attr      Idx    E Section Name        Object

    0x20000000   0x08004018   0x00000014   Data   RW           21    .data               system_stm32f10x.o
    0x20000014   0x0800402c   0x00000014   Data   RW          323    .data               stm32f10x_rcc.o
    0x20000028   0x08004040   0x00000004   Data   RW         1222    .data               delay.o
    0x2000002c   0x08004044   0x00000006   Data   RW         1281    .data               timer.o
    0x20000032   0x0800404a   0x00000004   Data   RW         1466    .data               dht11.o
    0x20000036   0x0800404e   0x00000004   Data   RW         1788    .data               esp8266.o
    0x2000003a   0x08004052   0x00000002   PAD
    0x2000003c   0x08004054   0x00000016   Data   RW         2058    .data               main.o
    0x20000052   0x0800406a   0x00000002   PAD
    0x20000054   0x0800406c   0x00000004   Data   RW         2507    .data               mc_w.l(mvars.o)
    0x20000058   0x08004070   0x00000004   Data   RW         2508    .data               mc_w.l(mvars.o)
    0x2000005c        -       0x00000080   Zero   RW         1787    .bss                esp8266.o
    0x200000dc        -       0x00000080   Zero   RW         2056    .bss                main.o
    0x2000015c   0x08004074   0x00000004   PAD
    0x20000160        -       0x00000200   Zero   RW          131    HEAP                startup_stm32f10x_md.o
    0x20000360        -       0x00000400   Zero   RW          130    STACK               startup_stm32f10x_md.o


==============================================================================

Image component sizes


      Code (inc. data)   RO Data    RW Data    ZI Data      Debug   Object Name

        92         16          0          0          0       1329   beep.o
       614         42          0          0          0       6928   bh1750.o
         0          0          0          0          0       4540   core_cm3.o
       220         26          0          4          0       1651   delay.o
       388         30          0          4          0       3492   dht11.o
       856        308          0          4        128       4991   esp8266.o
       116         16          0          0          0       1319   led.o
       904        238         25         22        128       2577   main.o
       172         22          0          0          0       1885   misc.o
      1744         16          0          0          0      10352   mqttkit.o
       814         22       1520          0          0       7721   oled.o
       780        408          0          0          0       3333   onenet.o
       780         78          0          0          0       6662   sgp30.o
        36          8        236          0       1536        776   startup_stm32f10x_md.o
       476          6          0          0          0       5375   stm32f10x_gpio.o
        26          0          0          0          0       3722   stm32f10x_it.o
       276         32          0         20          0       4230   stm32f10x_rcc.o
       264         42          0          0          0       4280   stm32f10x_tim.o
       450          6          0          0          0       5855   stm32f10x_usart.o
       328         28          0         20          0     248797   system_stm32f10x.o
       208         10          0          6          0       1321   timer.o
       498         24          0          0          0       4185   usart.o

    ----------------------------------------------------------------------
     10068       1378       1816         84       1796     335321   Object Totals
         0          0         32          0          0          0   (incl. Generated)
        26          0          3          4          4          0   (incl. Padding)

    ----------------------------------------------------------------------

      Code (inc. data)   RO Data    RW Data    ZI Data      Debug   Library Member Name

         0          0          0          0          0          0   entry.o
         0          0          0          0          0          0   entry10a.o
         0          0          0          0          0          0   entry11a.o
         4          0          0          0          0          0   entry12b.o
         8          4          0          0          0          0   entry2.o
         4          0          0          0          0          0   entry5.o
         0          0          0          0          0          0   entry7b.o
         0          0          0          0          0          0   entry8b.o
         8          4          0          0          0          0   entry9a.o
        30          0          0          0          0          0   handlers.o
        36          8          0          0          0         68   init.o
         0          0          0          0          0          0   iusefp.o
        30          0          0          0          0         68   llshl.o
        36          0          0          0          0         68   llsshr.o
        32          0          0          0          0         68   llushr.o
       188         20          0          0          0        160   malloc.o
        36          0          0          0          0         68   memcpya.o
        36          0          0          0          0        108   memseta.o
         0          0          0          8          0          0   mvars.o
      2310         92          0          0          0        680   printfa.o
        20          0          0          0          0         68   strchr.o
        14          0          0          0          0         68   strlen.o
        40          0          0          0          0         76   strncat.o
        36          0          0          0          0         80   strstr.o
        44          0          0          0          0         80   uidiv.o
        98          0          0          0          0         92   uldiv.o
        48          0          0          0          0         68   cdrcmple.o
        20          0          0          0          0         68   cfrcmple.o
       334          0          0          0          0        148   dadd.o
       222          0          0          0          0        100   ddiv.o
       186          0          0          0          0        176   depilogue.o
        48          0          0          0          0         68   dfixul.o
       228          0          0          0          0         96   dmul.o
        38          0          0          0          0         68   f2d.o
       124          0          0          0          0         88   fdiv.o
       110          0          0          0          0        168   fepilogue.o
        40          0          0          0          0         68   ffixui.o
        10          0          0          0          0         68   ffltui.o
       100          0          0          0          0         76   fmul.o

    ----------------------------------------------------------------------
      4524        128          0          8          0       3012   Library Totals
         6          0          0          0          0          0   (incl. Padding)

    ----------------------------------------------------------------------

      Code (inc. data)   RO Data    RW Data    ZI Data      Debug   Library Name

      3010        128          0          8          0       1752   mc_w.l
      1508          0          0          0          0       1260   mf_w.l

    ----------------------------------------------------------------------
      4524        128          0          8          0       3012   Library Totals

    ----------------------------------------------------------------------

==============================================================================


      Code (inc. data)   RO Data    RW Data    ZI Data      Debug   

     14592       1506       1816         92       1796     330685   Grand Totals
     14592       1506       1816         92       1796     330685   ELF Image Totals
     14592       1506       1816         92          0          0   ROM Totals

==============================================================================

    Total RO  Size (Code + RO Data)                16408 (  16.02kB)
    Total RW  Size (RW Data + ZI Data)              1888 (   1.84kB)
    Total ROM Size (Code + RO Data + RW Data)      16500 (  16.11kB)

==============================================================================

